Component: ARM Compiler 5.06 update 4 (build 422) Tool: armlink [4d35d2]

==============================================================================

Section Cross References

    main.o(i.main) refers to system_stm32f4xx.o(i.SystemInit) for SystemInit
    startup_stm32f40xx.o(STACK) refers (Special) to heapauxi.o(.text) for __use_two_region_memory
    startup_stm32f40xx.o(HEAP) refers (Special) to heapauxi.o(.text) for __use_two_region_memory
    startup_stm32f40xx.o(RESET) refers (Special) to heapauxi.o(.text) for __use_two_region_memory
    startup_stm32f40xx.o(RESET) refers to startup_stm32f40xx.o(STACK) for __initial_sp
    startup_stm32f40xx.o(RESET) refers to startup_stm32f40xx.o(.text) for Reset_Handler
    startup_stm32f40xx.o(RESET) refers to state.o(i.SPI1_IRQHandler) for SPI1_IRQHandler
    startup_stm32f40xx.o(.text) refers (Special) to heapauxi.o(.text) for __use_two_region_memory
    startup_stm32f40xx.o(.text) refers to system_stm32f4xx.o(i.SystemInit) for SystemInit
    startup_stm32f40xx.o(.text) refers to __main.o(!!!main) for __main
    startup_stm32f40xx.o(.text) refers to startup_stm32f40xx.o(HEAP) for Heap_Mem
    startup_stm32f40xx.o(.text) refers to startup_stm32f40xx.o(STACK) for Stack_Mem
    ff-impl.o(i.disk_initialize) refers to misc.o(i.NVIC_PriorityGroupConfig) for NVIC_PriorityGroupConfig
    ff-impl.o(i.disk_initialize) refers to misc.o(i.NVIC_Init) for NVIC_Init
    state.o(i.SPI1_IRQHandler) refers to stm32f4xx_spi.o(i.SPI_I2S_GetFlagStatus) for SPI_I2S_GetFlagStatus
    state.o(i.SPI1_IRQHandler) refers to cdstate.o(i.cd_drive_get_serial_byte) for cd_drive_get_serial_byte
    state.o(i.SPI1_IRQHandler) refers to stm32f4xx_spi.o(i.SPI_I2S_SendData) for SPI_I2S_SendData
    state.o(i.SPI1_IRQHandler) refers to stm32f4xx_spi.o(i.SPI_I2S_ReceiveData) for SPI_I2S_ReceiveData
    state.o(i.SPI1_IRQHandler) refers to cdstate.o(i.cd_drive_set_serial_byte) for cd_drive_set_serial_byte
    state.o(i.SPI1_IRQHandler) refers to state.o(.data) for state_updated
    state.o(i.cdi_update_drive_bit) refers to _printf_percent.o(.ARM.Collect$$_printf_percent$$00000000) for _printf_percent
    state.o(i.cdi_update_drive_bit) refers to _printf_d.o(.ARM.Collect$$_printf_percent$$00000009) for _printf_d
    state.o(i.cdi_update_drive_bit) refers to _printf_s.o(.ARM.Collect$$_printf_percent$$00000014) for _printf_s
    state.o(i.cdi_update_drive_bit) refers to _printf_dec.o(.text) for _printf_int_dec
    state.o(i.cdi_update_drive_bit) refers to _printf_str.o(.text) for _printf_str
    state.o(i.cdi_update_drive_bit) refers to __2printf.o(.text) for __2printf
    state.o(i.cdi_update_drive_bit) refers to state.o(.data) for state_updated
    state.o(i.init_cd_drive_state_module) refers to stm32f4xx_spi.o(i.SPI_Init) for SPI_Init
    state.o(i.init_cd_drive_state_module) refers to stm32f4xx_spi.o(i.SPI_I2S_ITConfig) for SPI_I2S_ITConfig
    system_stm32f4xx.o(i.SystemCoreClockUpdate) refers to system_stm32f4xx.o(.data) for SystemCoreClock
    system_stm32f4xx.o(i.SystemInit) refers to system_stm32f4xx.o(i.SetSysClock) for SetSysClock
    misc.o(i.NVIC_Init) refers to main.o(i.assert_param) for assert_param
    misc.o(i.NVIC_PriorityGroupConfig) refers to main.o(i.assert_param) for assert_param
    misc.o(i.NVIC_SetVectorTable) refers to main.o(i.assert_param) for assert_param
    misc.o(i.NVIC_SystemLPConfig) refers to main.o(i.assert_param) for assert_param
    misc.o(i.SysTick_CLKSourceConfig) refers to main.o(i.assert_param) for assert_param
    stm32f4xx_adc.o(i.ADC_AnalogWatchdogCmd) refers to main.o(i.assert_param) for assert_param
    stm32f4xx_adc.o(i.ADC_AnalogWatchdogSingleChannelConfig) refers to main.o(i.assert_param) for assert_param
    stm32f4xx_adc.o(i.ADC_AnalogWatchdogThresholdsConfig) refers to main.o(i.assert_param) for assert_param
    stm32f4xx_adc.o(i.ADC_AutoInjectedConvCmd) refers to main.o(i.assert_param) for assert_param
    stm32f4xx_adc.o(i.ADC_ClearFlag) refers to main.o(i.assert_param) for assert_param
    stm32f4xx_adc.o(i.ADC_ClearITPendingBit) refers to main.o(i.assert_param) for assert_param
    stm32f4xx_adc.o(i.ADC_Cmd) refers to main.o(i.assert_param) for assert_param
    stm32f4xx_adc.o(i.ADC_CommonInit) refers to main.o(i.assert_param) for assert_param
    stm32f4xx_adc.o(i.ADC_ContinuousModeCmd) refers to main.o(i.assert_param) for assert_param
    stm32f4xx_adc.o(i.ADC_DMACmd) refers to main.o(i.assert_param) for assert_param
    stm32f4xx_adc.o(i.ADC_DMARequestAfterLastTransferCmd) refers to main.o(i.assert_param) for assert_param
    stm32f4xx_adc.o(i.ADC_DeInit) refers to stm32f4xx_rcc.o(i.RCC_APB2PeriphResetCmd) for RCC_APB2PeriphResetCmd
    stm32f4xx_adc.o(i.ADC_DiscModeChannelCountConfig) refers to main.o(i.assert_param) for assert_param
    stm32f4xx_adc.o(i.ADC_DiscModeCmd) refers to main.o(i.assert_param) for assert_param
    stm32f4xx_adc.o(i.ADC_EOCOnEachRegularChannelCmd) refers to main.o(i.assert_param) for assert_param
[...]
    Removing stm32f4xx_sai.o(i.SAI_FrameInit), (200 bytes).
    Removing stm32f4xx_sai.o(i.SAI_FrameStructInit), (18 bytes).
    Removing stm32f4xx_sai.o(i.SAI_GetCmdStatus), (56 bytes).
    Removing stm32f4xx_sai.o(i.SAI_GetFIFOStatus), (48 bytes).
    Removing stm32f4xx_sai.o(i.SAI_GetFlagStatus), (96 bytes).
    Removing stm32f4xx_sai.o(i.SAI_GetITStatus), (108 bytes).
    Removing stm32f4xx_sai.o(i.SAI_ITConfig), (116 bytes).
    Removing stm32f4xx_sai.o(i.SAI_Init), (432 bytes).
    Removing stm32f4xx_sai.o(i.SAI_MonoModeConfig), (60 bytes).
    Removing stm32f4xx_sai.o(i.SAI_MuteFrameCounterConfig), (72 bytes).
    Removing stm32f4xx_sai.o(i.SAI_MuteModeCmd), (76 bytes).
    Removing stm32f4xx_sai.o(i.SAI_MuteValueConfig), (72 bytes).
    Removing stm32f4xx_sai.o(i.SAI_ReceiveData), (40 bytes).
    Removing stm32f4xx_sai.o(i.SAI_SendData), (40 bytes).
    Removing stm32f4xx_sai.o(i.SAI_SlotInit), (156 bytes).
    Removing stm32f4xx_sai.o(i.SAI_SlotStructInit), (16 bytes).
    Removing stm32f4xx_sai.o(i.SAI_StructInit), (30 bytes).
    Removing stm32f4xx_sai.o(i.SAI_TRIStateConfig), (72 bytes).
    Removing stm32f4xx_sdio.o(.rev16_text), (4 bytes).
    Removing stm32f4xx_sdio.o(.revsh_text), (4 bytes).
    Removing stm32f4xx_sdio.o(.rrx_text), (6 bytes).
    Removing stm32f4xx_sdio.o(i.SDIO_CEATAITCmd), (36 bytes).
    Removing stm32f4xx_sdio.o(i.SDIO_ClearFlag), (40 bytes).
    Removing stm32f4xx_sdio.o(i.SDIO_ClearITPendingBit), (40 bytes).
    Removing stm32f4xx_sdio.o(i.SDIO_ClockCmd), (32 bytes).
    Removing stm32f4xx_sdio.o(i.SDIO_CmdStructInit), (14 bytes).
    Removing stm32f4xx_sdio.o(i.SDIO_CommandCompletionCmd), (32 bytes).
    Removing stm32f4xx_sdio.o(i.SDIO_DMACmd), (32 bytes).
    Removing stm32f4xx_sdio.o(i.SDIO_DataConfig), (240 bytes).
    Removing stm32f4xx_sdio.o(i.SDIO_DataStructInit), (20 bytes).
    Removing stm32f4xx_sdio.o(i.SDIO_DeInit), (22 bytes).
    Removing stm32f4xx_sdio.o(i.SDIO_GetCommandResponse), (12 bytes).
    Removing stm32f4xx_sdio.o(i.SDIO_GetDataCounter), (12 bytes).
    Removing stm32f4xx_sdio.o(i.SDIO_GetFIFOCount), (12 bytes).
    Removing stm32f4xx_sdio.o(i.SDIO_GetFlagStatus), (168 bytes).
    Removing stm32f4xx_sdio.o(i.SDIO_GetITStatus), (168 bytes).
    Removing stm32f4xx_sdio.o(i.SDIO_GetPowerState), (16 bytes).
    Removing stm32f4xx_sdio.o(i.SDIO_GetResponse), (52 bytes).
    Removing stm32f4xx_sdio.o(i.SDIO_ITConfig), (76 bytes).
    Removing stm32f4xx_sdio.o(i.SDIO_Init), (180 bytes).
    Removing stm32f4xx_sdio.o(i.SDIO_ReadData), (12 bytes).
    Removing stm32f4xx_sdio.o(i.SDIO_SendCEATACmd), (32 bytes).
    Removing stm32f4xx_sdio.o(i.SDIO_SendCommand), (152 bytes).
    Removing stm32f4xx_sdio.o(i.SDIO_SendSDIOSuspendCmd), (32 bytes).
    Removing stm32f4xx_sdio.o(i.SDIO_SetPowerState), (32 bytes).
    Removing stm32f4xx_sdio.o(i.SDIO_SetSDIOOperation), (32 bytes).
    Removing stm32f4xx_sdio.o(i.SDIO_SetSDIOReadWaitMode), (32 bytes).
    Removing stm32f4xx_sdio.o(i.SDIO_StartSDIOReadWait), (32 bytes).
    Removing stm32f4xx_sdio.o(i.SDIO_StopSDIOReadWait), (32 bytes).
    Removing stm32f4xx_sdio.o(i.SDIO_StructInit), (16 bytes).
    Removing stm32f4xx_sdio.o(i.SDIO_WriteData), (12 bytes).
    Removing stm32f4xx_spdifrx.o(.rev16_text), (4 bytes).
    Removing stm32f4xx_spdifrx.o(.revsh_text), (4 bytes).
    Removing stm32f4xx_spdifrx.o(.rrx_text), (6 bytes).
    Removing stm32f4xx_spi.o(.rev16_text), (4 bytes).
    Removing stm32f4xx_spi.o(.revsh_text), (4 bytes).
    Removing stm32f4xx_spi.o(.rrx_text), (6 bytes).
    Removing stm32f4xx_spi.o(i.I2S_Cmd), (96 bytes).
    Removing stm32f4xx_spi.o(i.I2S_FullDuplexConfig), (252 bytes).
    Removing stm32f4xx_spi.o(i.I2S_Init), (568 bytes).
    Removing stm32f4xx_spi.o(i.I2S_StructInit), (20 bytes).
    Removing stm32f4xx_spi.o(i.SPI_BiDirectionalLineConfig), (132 bytes).
    Removing stm32f4xx_spi.o(i.SPI_CalculateCRC), (120 bytes).
    Removing stm32f4xx_spi.o(i.SPI_Cmd), (120 bytes).
    Removing stm32f4xx_spi.o(i.SPI_DataSizeConfig), (116 bytes).
    Removing stm32f4xx_spi.o(i.SPI_GetCRC), (112 bytes).
    Removing stm32f4xx_spi.o(i.SPI_GetCRCPolynomial), (80 bytes).
    Removing stm32f4xx_spi.o(i.SPI_I2S_ClearFlag), (116 bytes).
    Removing stm32f4xx_spi.o(i.SPI_I2S_ClearITPendingBit), (128 bytes).
    Removing stm32f4xx_spi.o(i.SPI_I2S_DMACmd), (156 bytes).
    Removing stm32f4xx_spi.o(i.SPI_I2S_DeInit), (224 bytes).
    Removing stm32f4xx_spi.o(i.SPI_I2S_GetITStatus), (196 bytes).
    Removing stm32f4xx_spi.o(i.SPI_I2S_ITConfig), (180 bytes).
    Removing stm32f4xx_spi.o(i.SPI_Init), (392 bytes).
    Removing stm32f4xx_spi.o(i.SPI_NSSInternalSoftwareConfig), (136 bytes).
    Removing stm32f4xx_spi.o(i.SPI_SSOutputCmd), (120 bytes).
    Removing stm32f4xx_spi.o(i.SPI_StructInit), (24 bytes).
    Removing stm32f4xx_spi.o(i.SPI_TIModeCmd), (120 bytes).
    Removing stm32f4xx_spi.o(i.SPI_TransmitCRC), (88 bytes).
    Removing stm32f4xx_syscfg.o(.rev16_text), (4 bytes).
    Removing stm32f4xx_syscfg.o(.revsh_text), (4 bytes).
    Removing stm32f4xx_syscfg.o(.rrx_text), (6 bytes).
    Removing stm32f4xx_syscfg.o(i.SYSCFG_CompensationCellCmd), (32 bytes).
    Removing stm32f4xx_syscfg.o(i.SYSCFG_DeInit), (22 bytes).
    Removing stm32f4xx_syscfg.o(i.SYSCFG_ETH_MediaInterfaceConfig), (32 bytes).
    Removing stm32f4xx_syscfg.o(i.SYSCFG_EXTILineConfig), (196 bytes).
    Removing stm32f4xx_syscfg.o(i.SYSCFG_GetCompensationCellStatus), (24 bytes).
    Removing stm32f4xx_syscfg.o(i.SYSCFG_MemoryRemapConfig), (40 bytes).
    Removing stm32f4xx_syscfg.o(i.SYSCFG_MemorySwappingBank), (32 bytes).
    Removing stm32f4xx_tim.o(.rev16_text), (4 bytes).
    Removing stm32f4xx_tim.o(.revsh_text), (4 bytes).
    Removing stm32f4xx_tim.o(.rrx_text), (6 bytes).
    Removing stm32f4xx_tim.o(i.TI1_Config), (58 bytes).
    Removing stm32f4xx_tim.o(i.TI2_Config), (80 bytes).
    Removing stm32f4xx_tim.o(i.TI3_Config), (72 bytes).
    Removing stm32f4xx_tim.o(i.TI4_Config), (80 bytes).
    Removing stm32f4xx_tim.o(i.TIM_ARRPreloadConfig), (196 bytes).
    Removing stm32f4xx_tim.o(i.TIM_BDTRConfig), (232 bytes).
    Removing stm32f4xx_tim.o(i.TIM_BDTRStructInit), (18 bytes).
    Removing stm32f4xx_tim.o(i.TIM_CCPreloadControl), (80 bytes).
    Removing stm32f4xx_tim.o(i.TIM_CCxCmd), (212 bytes).
    Removing stm32f4xx_tim.o(i.TIM_CCxNCmd), (112 bytes).
    Removing stm32f4xx_tim.o(i.TIM_ClearFlag), (160 bytes).
    Removing stm32f4xx_tim.o(i.TIM_ClearITPendingBit), (160 bytes).
    Removing stm32f4xx_tim.o(i.TIM_ClearOC1Ref), (168 bytes).
    Removing stm32f4xx_tim.o(i.TIM_ClearOC2Ref), (136 bytes).
    Removing stm32f4xx_tim.o(i.TIM_ClearOC3Ref), (108 bytes).
    Removing stm32f4xx_tim.o(i.TIM_ClearOC4Ref), (116 bytes).
    Removing stm32f4xx_tim.o(i.TIM_Cmd), (196 bytes).
    Removing stm32f4xx_tim.o(i.TIM_CounterModeConfig), (120 bytes).
    Removing stm32f4xx_tim.o(i.TIM_CtrlPWMOutputs), (88 bytes).
    Removing stm32f4xx_tim.o(i.TIM_DMACmd), (156 bytes).
    Removing stm32f4xx_tim.o(i.TIM_DMAConfig), (292 bytes).
    Removing stm32f4xx_tim.o(i.TIM_DeInit), (496 bytes).
    Removing stm32f4xx_tim.o(i.TIM_ETRClockMode1Config), (192 bytes).
    Removing stm32f4xx_tim.o(i.TIM_ETRClockMode2Config), (172 bytes).
    Removing stm32f4xx_tim.o(i.TIM_ETRConfig), (184 bytes).
    Removing stm32f4xx_tim.o(i.TIM_EncoderInterfaceConfig), (256 bytes).
    Removing stm32f4xx_tim.o(i.TIM_ForcedOC1Config), (172 bytes).
    Removing stm32f4xx_tim.o(i.TIM_ForcedOC2Config), (140 bytes).
    Removing stm32f4xx_tim.o(i.TIM_ForcedOC3Config), (112 bytes).
    Removing stm32f4xx_tim.o(i.TIM_ForcedOC4Config), (120 bytes).
    Removing stm32f4xx_tim.o(i.TIM_GenerateEvent), (180 bytes).
    Removing stm32f4xx_tim.o(i.TIM_GetCapture1), (136 bytes).
    Removing stm32f4xx_tim.o(i.TIM_GetCapture2), (96 bytes).
    Removing stm32f4xx_tim.o(i.TIM_GetCapture3), (76 bytes).
    Removing stm32f4xx_tim.o(i.TIM_GetCapture4), (76 bytes).
    Removing stm32f4xx_tim.o(i.TIM_GetCounter), (156 bytes).
    Removing stm32f4xx_tim.o(i.TIM_GetFlagStatus), (240 bytes).
    Removing stm32f4xx_tim.o(i.TIM_GetITStatus), (240 bytes).
    Removing stm32f4xx_tim.o(i.TIM_GetPrescaler), (156 bytes).
    Removing stm32f4xx_tim.o(i.TIM_ICInit), (504 bytes).
    Removing stm32f4xx_tim.o(i.TIM_ICStructInit), (18 bytes).
    Removing stm32f4xx_tim.o(i.TIM_ITConfig), (212 bytes).
    Removing stm32f4xx_tim.o(i.TIM_ITRxExternalClockConfig), (140 bytes).
    Removing stm32f4xx_tim.o(i.TIM_InternalClockConfig), (104 bytes).
    Removing stm32f4xx_tim.o(i.TIM_OC1FastConfig), (168 bytes).
    Removing stm32f4xx_tim.o(i.TIM_OC1Init), (444 bytes).
    Removing stm32f4xx_tim.o(i.TIM_OC1NPolarityConfig), (72 bytes).
    Removing stm32f4xx_tim.o(i.TIM_OC1PolarityConfig), (168 bytes).
    Removing stm32f4xx_tim.o(i.TIM_OC1PreloadConfig), (168 bytes).
    Removing stm32f4xx_tim.o(i.TIM_OC2FastConfig), (136 bytes).
    Removing stm32f4xx_tim.o(i.TIM_OC2Init), (444 bytes).
    Removing stm32f4xx_tim.o(i.TIM_OC2NPolarityConfig), (80 bytes).
    Removing stm32f4xx_tim.o(i.TIM_OC2PolarityConfig), (136 bytes).
    Removing stm32f4xx_tim.o(i.TIM_OC2PreloadConfig), (136 bytes).
    Removing stm32f4xx_tim.o(i.TIM_OC3FastConfig), (108 bytes).
    Removing stm32f4xx_tim.o(i.TIM_OC3Init), (420 bytes).
    Removing stm32f4xx_tim.o(i.TIM_OC3NPolarityConfig), (80 bytes).
    Removing stm32f4xx_tim.o(i.TIM_OC3PolarityConfig), (116 bytes).
    Removing stm32f4xx_tim.o(i.TIM_OC3PreloadConfig), (108 bytes).
    Removing stm32f4xx_tim.o(i.TIM_OC4FastConfig), (116 bytes).
    Removing stm32f4xx_tim.o(i.TIM_OC4Init), (312 bytes).
    Removing stm32f4xx_tim.o(i.TIM_OC4PolarityConfig), (116 bytes).
    Removing stm32f4xx_tim.o(i.TIM_OC4PreloadConfig), (116 bytes).
    Removing stm32f4xx_tim.o(i.TIM_OCStructInit), (20 bytes).
    Removing stm32f4xx_tim.o(i.TIM_PWMIConfig), (212 bytes).
    Removing stm32f4xx_tim.o(i.TIM_PrescalerConfig), (180 bytes).
    Removing stm32f4xx_tim.o(i.TIM_RemapConfig), (104 bytes).
    Removing stm32f4xx_tim.o(i.TIM_SelectCCDMA), (116 bytes).
    Removing stm32f4xx_tim.o(i.TIM_SelectCOM), (80 bytes).
    Removing stm32f4xx_tim.o(i.TIM_SelectHallSensor), (136 bytes).
    Removing stm32f4xx_tim.o(i.TIM_SelectInputTrigger), (192 bytes).
    Removing stm32f4xx_tim.o(i.TIM_SelectMasterSlaveMode), (132 bytes).
    Removing stm32f4xx_tim.o(i.TIM_SelectOCxM), (296 bytes).
    Removing stm32f4xx_tim.o(i.TIM_SelectOnePulseMode), (192 bytes).
    Removing stm32f4xx_tim.o(i.TIM_SelectOutputTrigger), (156 bytes).
    Removing stm32f4xx_tim.o(i.TIM_SelectSlaveMode), (140 bytes).
    Removing stm32f4xx_tim.o(i.TIM_SetAutoreload), (160 bytes).
    Removing stm32f4xx_tim.o(i.TIM_SetClockDivision), (180 bytes).
    Removing stm32f4xx_tim.o(i.TIM_SetCompare1), (140 bytes).
    Removing stm32f4xx_tim.o(i.TIM_SetCompare2), (100 bytes).
    Removing stm32f4xx_tim.o(i.TIM_SetCompare3), (80 bytes).
    Removing stm32f4xx_tim.o(i.TIM_SetCompare4), (80 bytes).
    Removing stm32f4xx_tim.o(i.TIM_SetCounter), (160 bytes).
    Removing stm32f4xx_tim.o(i.TIM_SetIC1Prescaler), (180 bytes).
    Removing stm32f4xx_tim.o(i.TIM_SetIC2Prescaler), (148 bytes).
    Removing stm32f4xx_tim.o(i.TIM_SetIC3Prescaler), (120 bytes).
    Removing stm32f4xx_tim.o(i.TIM_SetIC4Prescaler), (128 bytes).
    Removing stm32f4xx_tim.o(i.TIM_TIxExternalClockConfig), (228 bytes).
    Removing stm32f4xx_tim.o(i.TIM_TimeBaseInit), (332 bytes).
    Removing stm32f4xx_tim.o(i.TIM_TimeBaseStructInit), (18 bytes).
    Removing stm32f4xx_tim.o(i.TIM_UpdateDisableConfig), (196 bytes).
    Removing stm32f4xx_tim.o(i.TIM_UpdateRequestConfig), (196 bytes).
    Removing stm32f4xx_usart.o(.rev16_text), (4 bytes).
    Removing stm32f4xx_usart.o(.revsh_text), (4 bytes).
    Removing stm32f4xx_usart.o(.rrx_text), (6 bytes).
    Removing stm32f4xx_usart.o(i.USART_ClearFlag), (192 bytes).
    Removing stm32f4xx_usart.o(i.USART_ClearITPendingBit), (228 bytes).
    Removing stm32f4xx_usart.o(i.USART_ClockInit), (184 bytes).
    Removing stm32f4xx_usart.o(i.USART_ClockStructInit), (12 bytes).
    Removing stm32f4xx_usart.o(i.USART_Cmd), (160 bytes).
    Removing stm32f4xx_usart.o(i.USART_DMACmd), (180 bytes).
    Removing stm32f4xx_usart.o(i.USART_DeInit), (320 bytes).
    Removing stm32f4xx_usart.o(i.USART_GetFlagStatus), (236 bytes).
    Removing stm32f4xx_usart.o(i.USART_GetITStatus), (344 bytes).
    Removing stm32f4xx_usart.o(i.USART_HalfDuplexCmd), (160 bytes).
    Removing stm32f4xx_usart.o(i.USART_ITConfig), (324 bytes).
    Removing stm32f4xx_usart.o(i.USART_Init), (540 bytes).
    Removing stm32f4xx_usart.o(i.USART_IrDACmd), (160 bytes).
    Removing stm32f4xx_usart.o(i.USART_IrDAConfig), (156 bytes).
    Removing stm32f4xx_usart.o(i.USART_LINBreakDetectLengthConfig), (156 bytes).
    Removing stm32f4xx_usart.o(i.USART_LINCmd), (160 bytes).
    Removing stm32f4xx_usart.o(i.USART_OneBitMethodCmd), (160 bytes).
    Removing stm32f4xx_usart.o(i.USART_OverSampling8Cmd), (160 bytes).
    Removing stm32f4xx_usart.o(i.USART_ReceiveData), (124 bytes).
    Removing stm32f4xx_usart.o(i.USART_ReceiverWakeUpCmd), (160 bytes).
    Removing stm32f4xx_usart.o(i.USART_SendBreak), (128 bytes).
    Removing stm32f4xx_usart.o(i.USART_SendData), (144 bytes).
    Removing stm32f4xx_usart.o(i.USART_SetAddress), (152 bytes).
    Removing stm32f4xx_usart.o(i.USART_SetGuardTime), (76 bytes).
    Removing stm32f4xx_usart.o(i.USART_SetPrescaler), (136 bytes).
    Removing stm32f4xx_usart.o(i.USART_SmartCardCmd), (100 bytes).
    Removing stm32f4xx_usart.o(i.USART_SmartCardNACKCmd), (100 bytes).
    Removing stm32f4xx_usart.o(i.USART_StructInit), (24 bytes).
    Removing stm32f4xx_usart.o(i.USART_WakeUpConfig), (156 bytes).
    Removing stm32f4xx_wwdg.o(.rev16_text), (4 bytes).
    Removing stm32f4xx_wwdg.o(.revsh_text), (4 bytes).
    Removing stm32f4xx_wwdg.o(.rrx_text), (6 bytes).
    Removing stm32f4xx_wwdg.o(i.WWDG_ClearFlag), (12 bytes).
    Removing stm32f4xx_wwdg.o(i.WWDG_DeInit), (22 bytes).
    Removing stm32f4xx_wwdg.o(i.WWDG_Enable), (40 bytes).
    Removing stm32f4xx_wwdg.o(i.WWDG_EnableIT), (12 bytes).
    Removing stm32f4xx_wwdg.o(i.WWDG_GetFlagStatus), (20 bytes).
    Removing stm32f4xx_wwdg.o(i.WWDG_SetCounter), (40 bytes).
    Removing stm32f4xx_wwdg.o(i.WWDG_SetPrescaler), (56 bytes).
    Removing stm32f4xx_wwdg.o(i.WWDG_SetWindowValue), (56 bytes).
    Removing cd-img.o(.rev16_text), (4 bytes).
    Removing cd-img.o(.revsh_text), (4 bytes).
    Removing cd-img.o(.rrx_text), (6 bytes).
    Removing cd-img.o(i.cd_add_data_track), (264 bytes).
    Removing cd-img.o(i.cd_add_toc), (52 bytes).
    Removing cd-img.o(i.cd_get_sector_count), (12 bytes).
    Removing cd-img.o(i.cd_get_toc), (148 bytes).
    Removing cd-img.o(i.cd_get_toc_count), (12 bytes).
    Removing cd-img.o(i.cd_get_track_count), (12 bytes).
    Removing cd-img.o(i.cd_get_track_end_sector), (44 bytes).
    Removing cd-img.o(i.cd_read_sector), (208 bytes).
    Removing cd-img.o(i.cd_reset), (20 bytes).
    Removing cd-img.o(i.cd_sort_toc), (112 bytes).
    Removing cd-img.o(.bss), (1470 bytes).
    Removing cd-img.o(.data), (12 bytes).
    Removing cdstate.o(.rev16_text), (4 bytes).
    Removing cdstate.o(.revsh_text), (4 bytes).
    Removing cdstate.o(.rrx_text), (6 bytes).
    Removing cdstate.o(i.bcd2num), (20 bytes).
    Removing cdstate.o(i.ccd_close_lid), (44 bytes).
    Removing cdstate.o(i.ccd_insert_disk), (24 bytes).
    Removing cdstate.o(i.cd_command_exec), (284 bytes).
    Removing cdstate.o(i.cd_drive_exec), (40 bytes).
    Removing cdstate.o(i.cd_drive_get_serial_bit), (40 bytes).
    Removing cdstate.o(i.cd_drive_set_serial_bit), (112 bytes).
    Removing cdstate.o(i.cdd_open_lid), (52 bytes).
    Removing cdstate.o(i.cdd_reset), (48 bytes).
    Removing cdstate.o(i.continue_command), (416 bytes).
    Removing cdstate.o(i.do_cd_logging), (200 bytes).
    Removing cdstate.o(i.do_command), (940 bytes).
    Removing cdstate.o(i.do_dataread), (288 bytes).
    Removing cdstate.o(i.do_seek), (14 bytes).
    Removing cdstate.o(i.do_seek_common), (52 bytes).
    Removing cdstate.o(i.do_toc), (104 bytes).
    Removing cdstate.o(i.fad2msf_bcd), (82 bytes).
    Removing cdstate.o(i.get_command_string), (172 bytes).
    Removing cdstate.o(i.get_fad_from_command), (18 bytes).
    Removing cdstate.o(i.get_status_string), (296 bytes).
    Removing cdstate.o(i.get_track_fad), (36 bytes).
    Removing cdstate.o(i.get_track_start_fad), (72 bytes).
    Removing cdstate.o(i.make_ring_data), (100 bytes).
    Removing cdstate.o(i.make_ring_status), (100 bytes).
    Removing cdstate.o(i.make_status_data), (120 bytes).
    Removing cdstate.o(i.msf_bcd2fad), (56 bytes).
    Removing cdstate.o(i.num2bcd), (26 bytes).
    Removing cdstate.o(i.ror), (12 bytes).
    Removing cdstate.o(i.set_checksum), (30 bytes).
    Removing cdstate.o(i.state_set_msf_info), (66 bytes).
    Removing cdstate.o(i.toc_10_get_track), (84 bytes).
    Removing cdstate.o(i.update_seek_status), (40 bytes).
    Removing cdstate.o(i.update_status_info), (184 bytes).
    Removing fs.o(.rev16_text), (4 bytes).
    Removing fs.o(.revsh_text), (4 bytes).
    Removing fs.o(.rrx_text), (6 bytes).
    Removing fs.o(i.fs_close), (100 bytes).
    Removing fs.o(i.fs_open), (104 bytes).
    Removing fs.o(i.fs_read), (104 bytes).
    Removing fs.o(i.fs_read_string), (116 bytes).
    Removing fs.o(i.fs_seek), (104 bytes).
    Removing fs.o(i.fs_size), (100 bytes).
    Removing fs.o(i.fs_state), (12 bytes).
    Removing fs.o(.data), (1 bytes).
    Removing lib.o(.rev16_text), (4 bytes).
    Removing lib.o(.revsh_text), (4 bytes).
    Removing lib.o(.rrx_text), (6 bytes).
    Removing lib.o(i.x_memcpy), (22 bytes).
    Removing lib.o(i.x_strcpy), (34 bytes).
    Removing mds.o(.rev16_text), (4 bytes).
    Removing mds.o(.revsh_text), (4 bytes).
    Removing mds.o(.rrx_text), (6 bytes).
    Removing mds.o(i.DetectDataOffsetInSector), (148 bytes).
    Removing mds.o(i.MDSSession), (1064 bytes).
    Removing mds.o(i.add_toc), (104 bytes).
    Removing mds.o(i.get_mdf_filename), (120 bytes).
    Removing mds.o(i.mds_close), (120 bytes).
    Removing mds.o(i.mds_open), (508 bytes).
    Removing mds.o(.bss), (128 bytes).
    Removing mds.o(.constdata), (28 bytes).
    Removing mds.o(.data), (1 bytes).
    Removing ff.o(i.check_fs), (144 bytes).
    Removing ff.o(i.chk_chr), (20 bytes).
    Removing ff.o(i.chk_mounted), (916 bytes).
    Removing ff.o(i.clust2sect), (26 bytes).
    Removing ff.o(i.create_chain), (202 bytes).
    Removing ff.o(i.create_name), (280 bytes).
    Removing ff.o(i.dir_find), (92 bytes).
    Removing ff.o(i.dir_next), (280 bytes).
    Removing ff.o(i.dir_read), (86 bytes).
    Removing ff.o(i.dir_register), (110 bytes).
    Removing ff.o(i.dir_remove), (44 bytes).
    Removing ff.o(i.dir_sdi), (156 bytes).
    Removing ff.o(i.f_chmod), (84 bytes).
    Removing ff.o(i.f_close), (22 bytes).
    Removing ff.o(i.f_getfree), (276 bytes).
    Removing ff.o(i.f_lseek), (432 bytes).
    Removing ff.o(i.f_mkdir), (384 bytes).
    Removing ff.o(i.f_mount), (44 bytes).
    Removing ff.o(i.f_open), (364 bytes).
    Removing ff.o(i.f_opendir), (110 bytes).
    Removing ff.o(i.f_read), (462 bytes).
    Removing ff.o(i.f_readdir), (88 bytes).
    Removing ff.o(i.f_rename), (290 bytes).
    Removing ff.o(i.f_stat), (58 bytes).
    Removing ff.o(i.f_sync), (184 bytes).
    Removing ff.o(i.f_truncate), (156 bytes).
    Removing ff.o(i.f_unlink), (178 bytes).
    Removing ff.o(i.f_utime), (86 bytes).
    Removing ff.o(i.f_write), (526 bytes).
    Removing ff.o(i.follow_path), (158 bytes).
    Removing ff.o(i.get_fat), (228 bytes).
    Removing ff.o(i.get_fileinfo), (152 bytes).
    Removing ff.o(i.mem_cmp), (38 bytes).
    Removing ff.o(i.mem_cpy), (26 bytes).
    Removing ff.o(i.mem_set), (20 bytes).
    Removing ff.o(i.move_window), (114 bytes).
    Removing ff.o(i.put_fat), (310 bytes).
    Removing ff.o(i.remove_chain), (104 bytes).
    Removing ff.o(i.sync), (202 bytes).
    Removing ff.o(i.validate), (42 bytes).
    Removing ff.o(.data), (6 bytes).

971 unused section(s) (total 102182 bytes) removed from the image.

==============================================================================

Image Symbol Table

    Local Symbols

    Symbol Name                              Value     Ov Type        Size  Object(Section)

    RESET                                    0x00000000   Section      392  startup_stm32f40xx.o(RESET)
    ../clib/angel/boardlib.s                 0x00000000   Number         0  boardshut.o ABSOLUTE
    ../clib/angel/boardlib.s                 0x00000000   Number         0  boardinit1.o ABSOLUTE
    ../clib/angel/boardlib.s                 0x00000000   Number         0  boardinit3.o ABSOLUTE
    ../clib/angel/boardlib.s                 0x00000000   Number         0  boardinit2.o ABSOLUTE
    ../clib/angel/handlers.s                 0x00000000   Number         0  __scatter_zi.o ABSOLUTE
    ../clib/angel/handlers.s                 0x00000000   Number         0  __scatter_copy.o ABSOLUTE
    ../clib/angel/kernel.s                   0x00000000   Number         0  rtexit2.o ABSOLUTE
    ../clib/angel/kernel.s                   0x00000000   Number         0  __rtentry4.o ABSOLUTE
    ../clib/angel/kernel.s                   0x00000000   Number         0  __rtentry.o ABSOLUTE
    ../clib/angel/kernel.s                   0x00000000   Number         0  rtexit.o ABSOLUTE
    ../clib/angel/kernel.s                   0x00000000   Number         0  __rtentry2.o ABSOLUTE
    ../clib/angel/rt.s                       0x00000000   Number         0  rt_heap_descriptor.o ABSOLUTE
    ../clib/angel/rt.s                       0x00000000   Number         0  rt_raise.o ABSOLUTE
    ../clib/angel/rt.s                       0x00000000   Number         0  rt_div0.o ABSOLUTE
    ../clib/angel/rt.s                       0x00000000   Number         0  rt_errno_addr_intlibspace.o ABSOLUTE
    ../clib/angel/rt.s                       0x00000000   Number         0  aeabi_ldiv0.o ABSOLUTE
    ../clib/angel/rt.s                       0x00000000   Number         0  aeabi_ldiv0_sigfpe.o ABSOLUTE
    ../clib/angel/rt.s                       0x00000000   Number         0  rt_heap_descriptor_intlibspace.o ABSOLUTE
    ../clib/angel/rt.s                       0x00000000   Number         0  rt_errno_addr.o ABSOLUTE
    ../clib/angel/scatter.s                  0x00000000   Number         0  __scatter.o ABSOLUTE
    ../clib/angel/startup.s                  0x00000000   Number         0  __main.o ABSOLUTE
    ../clib/angel/sys.s                      0x00000000   Number         0  use_no_semi.o ABSOLUTE
    ../clib/angel/sys.s                      0x00000000   Number         0  mutex_dummy.o ABSOLUTE
    ../clib/angel/sys.s                      0x00000000   Number         0  libspace.o ABSOLUTE
    ../clib/angel/sys.s                      0x00000000   Number         0  indicate_semi.o ABSOLUTE
    ../clib/angel/sys.s                      0x00000000   Number         0  sys_stackheap_outer.o ABSOLUTE
    ../clib/angel/sysapp.c                   0x00000000   Number         0  sys_exit.o ABSOLUTE
    ../clib/angel/sysapp.c                   0x00000000   Number         0  sys_io.o ABSOLUTE
    ../clib/angel/sysapp.c                   0x00000000   Number         0  sys_command.o ABSOLUTE
    ../clib/angel/sysapp.c                   0x00000000   Number         0  sys_wrch.o ABSOLUTE
    ../clib/armsys.c                         0x00000000   Number         0  argv_veneer.o ABSOLUTE
    ../clib/armsys.c                         0x00000000   Number         0  argv_veneer.o ABSOLUTE
    ../clib/armsys.c                         0x00000000   Number         0  _get_argv_nomalloc.o ABSOLUTE
    ../clib/armsys.c                         0x00000000   Number         0  _get_argv.o ABSOLUTE
    ../clib/armsys.c                         0x00000000   Number         0  no_argv.o ABSOLUTE
    ../clib/assert.c                         0x00000000   Number         0  assert_stdio.o ABSOLUTE
    ../clib/heap1.c                          0x00000000   Number         0  h1_extend_mt.o ABSOLUTE
    ../clib/heap1.c                          0x00000000   Number         0  h1_free_mt.o ABSOLUTE
    ../clib/heap1.c                          0x00000000   Number         0  h1_init.o ABSOLUTE
    ../clib/heap1.c                          0x00000000   Number         0  h1_init_mt.o ABSOLUTE
    ../clib/heap1.c                          0x00000000   Number         0  h1_final.o ABSOLUTE
    ../clib/heap1.c                          0x00000000   Number         0  h1_alloc_mt.o ABSOLUTE
    ../clib/heap1.c                          0x00000000   Number         0  h1_final_mt.o ABSOLUTE
    ../clib/heap1.c                          0x00000000   Number         0  h1_alloc.o ABSOLUTE
    ../clib/heap1.c                          0x00000000   Number         0  h1_free.o ABSOLUTE
    ../clib/heap1.c                          0x00000000   Number         0  h1_extend.o ABSOLUTE
    ../clib/heap2.c                          0x00000000   Number         0  fdtree.o ABSOLUTE
    ../clib/heap2.c                          0x00000000   Number         0  heap2.o ABSOLUTE
    ../clib/heap2.c                          0x00000000   Number         0  heap2mt.o ABSOLUTE
    ../clib/heapalloc.c                      0x00000000   Number         0  term_alloc.o ABSOLUTE
    ../clib/heapalloc.c                      0x00000000   Number         0  hrguard.o ABSOLUTE
    ../clib/heapalloc.c                      0x00000000   Number         0  free.o ABSOLUTE
    ../clib/heapalloc.c                      0x00000000   Number         0  hguard.o ABSOLUTE
    ../clib/heapalloc.c                      0x00000000   Number         0  maybetermalloc2.o ABSOLUTE
    ../clib/heapalloc.c                      0x00000000   Number         0  init_alloc.o ABSOLUTE
    ../clib/heapalloc.c                      0x00000000   Number         0  maybetermalloc1.o ABSOLUTE
    ../clib/heapalloc.c                      0x00000000   Number         0  maybetermalloc2.o ABSOLUTE
    ../clib/heapalloc.c                      0x00000000   Number         0  maybetermalloc1.o ABSOLUTE
    ../clib/heapalloc.c                      0x00000000   Number         0  malloc.o ABSOLUTE
    ../clib/heapalloc.c                      0x00000000   Number         0  heapstubs.o ABSOLUTE
    ../clib/heapaux.c                        0x00000000   Number         0  heapauxa.o ABSOLUTE
    ../clib/heapaux.c                        0x00000000   Number         0  heapauxi.o ABSOLUTE
    ../clib/libinit.s                        0x00000000   Number         0  libinit2.o ABSOLUTE
    ../clib/libinit.s                        0x00000000   Number         0  libinit.o ABSOLUTE
    ../clib/libinit.s                        0x00000000   Number         0  libshutdown.o ABSOLUTE
    ../clib/libinit.s                        0x00000000   Number         0  libshutdown2.o ABSOLUTE
    ../clib/longlong.s                       0x00000000   Number         0  lludiv10.o ABSOLUTE
    ../clib/longlong.s                       0x00000000   Number         0  lludivv7m.o ABSOLUTE
    ../clib/memcpset.s                       0x00000000   Number         0  rt_memclr_w.o ABSOLUTE
    ../clib/memcpset.s                       0x00000000   Number         0  rt_memcpy_w.o ABSOLUTE
    ../clib/memcpset.s                       0x00000000   Number         0  rt_memcpy_v6.o ABSOLUTE
    ../clib/memcpset.s                       0x00000000   Number         0  rt_memclr.o ABSOLUTE
    ../clib/misc.s                           0x00000000   Number         0  printf_stubs.o ABSOLUTE
    ../clib/printf.c                         0x00000000   Number         0  _printf_pad.o ABSOLUTE
    ../clib/printf.c                         0x00000000   Number         0  __printf.o ABSOLUTE
    ../clib/printf.c                         0x00000000   Number         0  noretval__2sprintf.o ABSOLUTE
    ../clib/printf.c                         0x00000000   Number         0  noretval__2printf.o ABSOLUTE
    ../clib/printf.c                         0x00000000   Number         0  __2sprintf.o ABSOLUTE
    ../clib/printf.c                         0x00000000   Number         0  __2printf.o ABSOLUTE
    ../clib/printf.c                         0x00000000   Number         0  _printf_intcommon.o ABSOLUTE
    ../clib/printf.c                         0x00000000   Number         0  _printf_char_common.o ABSOLUTE
    ../clib/printf.c                         0x00000000   Number         0  _sputc.o ABSOLUTE
    ../clib/printf.c                         0x00000000   Number         0  _printf_char.o ABSOLUTE
    ../clib/printf.c                         0x00000000   Number         0  _printf_char_file.o ABSOLUTE
    ../clib/printf.c                         0x00000000   Number         0  __printf_nopercent.o ABSOLUTE
    ../clib/printf.c                         0x00000000   Number         0  _printf_hex_int_ll.o ABSOLUTE
    ../clib/printf.c                         0x00000000   Number         0  _printf_hex_int.o ABSOLUTE
    ../clib/printf.c                         0x00000000   Number         0  _printf_hex_ptr.o ABSOLUTE
    ../clib/printf.c                         0x00000000   Number         0  _printf_hex_int_ptr.o ABSOLUTE
    ../clib/printf.c                         0x00000000   Number         0  _printf_hex_ll_ptr.o ABSOLUTE
    ../clib/printf.c                         0x00000000   Number         0  _printf_hex_int_ll_ptr.o ABSOLUTE
    ../clib/printf.c                         0x00000000   Number         0  __printf_flags.o ABSOLUTE
    ../clib/printf.c                         0x00000000   Number         0  __printf_ss.o ABSOLUTE
    ../clib/printf.c                         0x00000000   Number         0  __printf_flags_ss.o ABSOLUTE
    ../clib/printf.c                         0x00000000   Number         0  __printf_wp.o ABSOLUTE
    ../clib/printf.c                         0x00000000   Number         0  __printf_flags_wp.o ABSOLUTE
    ../clib/printf.c                         0x00000000   Number         0  __printf_ss_wp.o ABSOLUTE
    ../clib/printf.c                         0x00000000   Number         0  __printf_flags_ss_wp.o ABSOLUTE
    ../clib/printf.c                         0x00000000   Number         0  _printf_char_file_locked.o ABSOLUTE
    ../clib/printf.c                         0x00000000   Number         0  _printf_hex_ll.o ABSOLUTE
    ../clib/printf.c                         0x00000000   Number         0  _printf_longlong_dec.o ABSOLUTE
    ../clib/printf.c                         0x00000000   Number         0  _printf_dec.o ABSOLUTE
    ../clib/printf.c                         0x00000000   Number         0  _printf_str.o ABSOLUTE
    ../clib/printf_percent.s                 0x00000000   Number         0  _printf_ll.o ABSOLUTE
    ../clib/printf_percent.s                 0x00000000   Number         0  _printf_percent_end.o ABSOLUTE
    ../clib/printf_percent.s                 0x00000000   Number         0  _printf_lld.o ABSOLUTE
    ../clib/printf_percent.s                 0x00000000   Number         0  _printf_x.o ABSOLUTE
    ../clib/printf_percent.s                 0x00000000   Number         0  _printf_d.o ABSOLUTE
    ../clib/printf_percent.s                 0x00000000   Number         0  _printf_percent.o ABSOLUTE
    ../clib/printf_percent.s                 0x00000000   Number         0  _printf_s.o ABSOLUTE
    ../clib/signal.c                         0x00000000   Number         0  defsig_fpe_formal.o ABSOLUTE
    ../clib/signal.c                         0x00000000   Number         0  defsig_rtred_outer.o ABSOLUTE
    ../clib/signal.c                         0x00000000   Number         0  defsig_general.o ABSOLUTE
    ../clib/signal.c                         0x00000000   Number         0  defsig_stak_inner.o ABSOLUTE
    ../clib/signal.c                         0x00000000   Number         0  defsig_pvfn_inner.o ABSOLUTE
    ../clib/signal.c                         0x00000000   Number         0  defsig_cppl_inner.o ABSOLUTE
    ../clib/signal.c                         0x00000000   Number         0  defsig_segv_inner.o ABSOLUTE
    ../clib/signal.c                         0x00000000   Number         0  defsig_other.o ABSOLUTE
    ../clib/signal.c                         0x00000000   Number         0  defsig_rtred_formal.o ABSOLUTE
    ../clib/signal.c                         0x00000000   Number         0  defsig_rtmem_outer.o ABSOLUTE
    ../clib/signal.c                         0x00000000   Number         0  __raise.o ABSOLUTE
    ../clib/signal.c                         0x00000000   Number         0  defsig_rtmem_formal.o ABSOLUTE
    ../clib/signal.c                         0x00000000   Number         0  defsig_exit.o ABSOLUTE
    ../clib/signal.c                         0x00000000   Number         0  defsig_fpe_inner.o ABSOLUTE
    ../clib/signal.c                         0x00000000   Number         0  defsig_rtred_inner.o ABSOLUTE
    ../clib/signal.c                         0x00000000   Number         0  defsig_abrt_inner.o ABSOLUTE
    ../clib/signal.c                         0x00000000   Number         0  defsig_rtmem_inner.o ABSOLUTE
    ../clib/signal.c                         0x00000000   Number         0  defsig_fpe_outer.o ABSOLUTE
    ../clib/signal.s                         0x00000000   Number         0  defsig.o ABSOLUTE
    ../clib/stdio.c                          0x00000000   Number         0  fopen_locked.o ABSOLUTE
    ../clib/stdio.c                          0x00000000   Number         0  ferror.o ABSOLUTE
    ../clib/stdio.c                          0x00000000   Number         0  setvbuf_locked.o ABSOLUTE
    ../clib/stdio.c                          0x00000000   Number         0  fputc.o ABSOLUTE
    ../clib/stdio.c                          0x00000000   Number         0  fopen.o ABSOLUTE
    ../clib/stdio.c                          0x00000000   Number         0  streamlock.o ABSOLUTE
    ../clib/stdio.c                          0x00000000   Number         0  fputc_locked.o ABSOLUTE
    ../clib/stdio.c                          0x00000000   Number         0  setvbuf.o ABSOLUTE
    ../clib/stdio.c                          0x00000000   Number         0  ferror_locked.o ABSOLUTE
    ../clib/stdio.c                          0x00000000   Number         0  flsbuf.o ABSOLUTE
    ../clib/stdio.c                          0x00000000   Number         0  initio_locked.o ABSOLUTE
    ../clib/stdio.c                          0x00000000   Number         0  initio.o ABSOLUTE
    ../clib/stdio.c                          0x00000000   Number         0  fclose.o ABSOLUTE
    ../clib/stdio.c                          0x00000000   Number         0  fflush_locked.o ABSOLUTE
    ../clib/stdio.c                          0x00000000   Number         0  fseek.o ABSOLUTE
    ../clib/stdio.c                          0x00000000   Number         0  fflush.o ABSOLUTE
    ../clib/stdio.c                          0x00000000   Number         0  fputs_locked.o ABSOLUTE
    ../clib/stdio.c                          0x00000000   Number         0  stdio.o ABSOLUTE
    ../clib/stdio.c                          0x00000000   Number         0  fwritefast.o ABSOLUTE
    ../clib/stdio.c                          0x00000000   Number         0  fwritefast_locked.o ABSOLUTE
    ../clib/stdio.c                          0x00000000   Number         0  fputs.o ABSOLUTE
    ../clib/stdio.c                          0x00000000   Number         0  ftell.o ABSOLUTE
    ../clib/stdio.c                          0x00000000   Number         0  stdio_streams.o ABSOLUTE
    ../clib/stdlib.c                         0x00000000   Number         0  exit.o ABSOLUTE
    ../clib/string.c                         0x00000000   Number         0  memcmp.o ABSOLUTE
    ../clib/string.c                         0x00000000   Number         0  strlen.o ABSOLUTE
    ../clib/wchar.c                          0x00000000   Number         0  flsbuf_fwide.o ABSOLUTE
    ../fplib/fpinit.s                        0x00000000   Number         0  fpinit.o ABSOLUTE
    ..\STM32F4xx_DSP_StdPeriph_Lib_V1.8.0\Libraries\CMSIS\Device\ST\STM32F4xx\Source\Templates\arm\startup_stm32f40xx.s 0x00000000   Number         0  startup_stm32f40xx.o ABSOLUTE
    ..\STM32F4xx_DSP_StdPeriph_Lib_V1.8.0\Libraries\CMSIS\Device\ST\STM32F4xx\Source\Templates\system_stm32f4xx.c 0x00000000   Number         0  system_stm32f4xx.o ABSOLUTE
    ..\STM32F4xx_DSP_StdPeriph_Lib_V1.8.0\Libraries\STM32F4xx_StdPeriph_Driver\src\misc.c 0x00000000   Number         0  misc.o ABSOLUTE
    ..\STM32F4xx_DSP_StdPeriph_Lib_V1.8.0\Libraries\STM32F4xx_StdPeriph_Driver\src\stm32f4xx_adc.c 0x00000000   Number         0  stm32f4xx_adc.o ABSOLUTE
    ..\STM32F4xx_DSP_StdPeriph_Lib_V1.8.0\Libraries\STM32F4xx_StdPeriph_Driver\src\stm32f4xx_can.c 0x00000000   Number         0  stm32f4xx_can.o ABSOLUTE
    ..\STM32F4xx_DSP_StdPeriph_Lib_V1.8.0\Libraries\STM32F4xx_StdPeriph_Driver\src\stm32f4xx_cec.c 0x00000000   Number         0  stm32f4xx_cec.o ABSOLUTE
    ..\STM32F4xx_DSP_StdPeriph_Lib_V1.8.0\Libraries\STM32F4xx_StdPeriph_Driver\src\stm32f4xx_crc.c 0x00000000   Number         0  stm32f4xx_crc.o ABSOLUTE
    ..\STM32F4xx_DSP_StdPeriph_Lib_V1.8.0\Libraries\STM32F4xx_StdPeriph_Driver\src\stm32f4xx_cryp.c 0x00000000   Number         0  stm32f4xx_cryp.o ABSOLUTE
    ..\STM32F4xx_DSP_StdPeriph_Lib_V1.8.0\Libraries\STM32F4xx_StdPeriph_Driver\src\stm32f4xx_cryp_aes.c 0x00000000   Number         0  stm32f4xx_cryp_aes.o ABSOLUTE
    ..\STM32F4xx_DSP_StdPeriph_Lib_V1.8.0\Libraries\STM32F4xx_StdPeriph_Driver\src\stm32f4xx_cryp_des.c 0x00000000   Number         0  stm32f4xx_cryp_des.o ABSOLUTE
    ..\STM32F4xx_DSP_StdPeriph_Lib_V1.8.0\Libraries\STM32F4xx_StdPeriph_Driver\src\stm32f4xx_cryp_tdes.c 0x00000000   Number         0  stm32f4xx_cryp_tdes.o ABSOLUTE
    ..\STM32F4xx_DSP_StdPeriph_Lib_V1.8.0\Libraries\STM32F4xx_StdPeriph_Driver\src\stm32f4xx_dac.c 0x00000000   Number         0  stm32f4xx_dac.o ABSOLUTE
    ..\STM32F4xx_DSP_StdPeriph_Lib_V1.8.0\Libraries\STM32F4xx_StdPeriph_Driver\src\stm32f4xx_dbgmcu.c 0x00000000   Number         0  stm32f4xx_dbgmcu.o ABSOLUTE
    ..\STM32F4xx_DSP_StdPeriph_Lib_V1.8.0\Libraries\STM32F4xx_StdPeriph_Driver\src\stm32f4xx_dcmi.c 0x00000000   Number         0  stm32f4xx_dcmi.o ABSOLUTE
    ..\STM32F4xx_DSP_StdPeriph_Lib_V1.8.0\Libraries\STM32F4xx_StdPeriph_Driver\src\stm32f4xx_dfsdm.c 0x00000000   Number         0  stm32f4xx_dfsdm.o ABSOLUTE
    ..\STM32F4xx_DSP_StdPeriph_Lib_V1.8.0\Libraries\STM32F4xx_StdPeriph_Driver\src\stm32f4xx_dma.c 0x00000000   Number         0  stm32f4xx_dma.o ABSOLUTE
    ..\STM32F4xx_DSP_StdPeriph_Lib_V1.8.0\Libraries\STM32F4xx_StdPeriph_Driver\src\stm32f4xx_dma2d.c 0x00000000   Number         0  stm32f4xx_dma2d.o ABSOLUTE
    ..\STM32F4xx_DSP_StdPeriph_Lib_V1.8.0\Libraries\STM32F4xx_StdPeriph_Driver\src\stm32f4xx_dsi.c 0x00000000   Number         0  stm32f4xx_dsi.o ABSOLUTE
    ..\STM32F4xx_DSP_StdPeriph_Lib_V1.8.0\Libraries\STM32F4xx_StdPeriph_Driver\src\stm32f4xx_exti.c 0x00000000   Number         0  stm32f4xx_exti.o ABSOLUTE
    ..\STM32F4xx_DSP_StdPeriph_Lib_V1.8.0\Libraries\STM32F4xx_StdPeriph_Driver\src\stm32f4xx_flash.c 0x00000000   Number         0  stm32f4xx_flash.o ABSOLUTE
    ..\STM32F4xx_DSP_StdPeriph_Lib_V1.8.0\Libraries\STM32F4xx_StdPeriph_Driver\src\stm32f4xx_flash_ramfunc.c 0x00000000   Number         0  stm32f4xx_flash_ramfunc.o ABSOLUTE
    ..\STM32F4xx_DSP_StdPeriph_Lib_V1.8.0\Libraries\STM32F4xx_StdPeriph_Driver\src\stm32f4xx_fmpi2c.c 0x00000000   Number         0  stm32f4xx_fmpi2c.o ABSOLUTE
    ..\STM32F4xx_DSP_StdPeriph_Lib_V1.8.0\Libraries\STM32F4xx_StdPeriph_Driver\src\stm32f4xx_fsmc.c 0x00000000   Number         0  stm32f4xx_fsmc.o ABSOLUTE
    ..\STM32F4xx_DSP_StdPeriph_Lib_V1.8.0\Libraries\STM32F4xx_StdPeriph_Driver\src\stm32f4xx_gpio.c 0x00000000   Number         0  stm32f4xx_gpio.o ABSOLUTE
    ..\STM32F4xx_DSP_StdPeriph_Lib_V1.8.0\Libraries\STM32F4xx_StdPeriph_Driver\src\stm32f4xx_hash.c 0x00000000   Number         0  stm32f4xx_hash.o ABSOLUTE
    ..\STM32F4xx_DSP_StdPeriph_Lib_V1.8.0\Libraries\STM32F4xx_StdPeriph_Driver\src\stm32f4xx_hash_md5.c 0x00000000   Number         0  stm32f4xx_hash_md5.o ABSOLUTE
    ..\STM32F4xx_DSP_StdPeriph_Lib_V1.8.0\Libraries\STM32F4xx_StdPeriph_Driver\src\stm32f4xx_hash_sha1.c 0x00000000   Number         0  stm32f4xx_hash_sha1.o ABSOLUTE
    ..\STM32F4xx_DSP_StdPeriph_Lib_V1.8.0\Libraries\STM32F4xx_StdPeriph_Driver\src\stm32f4xx_i2c.c 0x00000000   Number         0  stm32f4xx_i2c.o ABSOLUTE
    ..\STM32F4xx_DSP_StdPeriph_Lib_V1.8.0\Libraries\STM32F4xx_StdPeriph_Driver\src\stm32f4xx_iwdg.c 0x00000000   Number         0  stm32f4xx_iwdg.o ABSOLUTE
    ..\STM32F4xx_DSP_StdPeriph_Lib_V1.8.0\Libraries\STM32F4xx_StdPeriph_Driver\src\stm32f4xx_lptim.c 0x00000000   Number         0  stm32f4xx_lptim.o ABSOLUTE
    ..\STM32F4xx_DSP_StdPeriph_Lib_V1.8.0\Libraries\STM32F4xx_StdPeriph_Driver\src\stm32f4xx_ltdc.c 0x00000000   Number         0  stm32f4xx_ltdc.o ABSOLUTE
    ..\STM32F4xx_DSP_StdPeriph_Lib_V1.8.0\Libraries\STM32F4xx_StdPeriph_Driver\src\stm32f4xx_pwr.c 0x00000000   Number         0  stm32f4xx_pwr.o ABSOLUTE
    ..\STM32F4xx_DSP_StdPeriph_Lib_V1.8.0\Libraries\STM32F4xx_StdPeriph_Driver\src\stm32f4xx_qspi.c 0x00000000   Number         0  stm32f4xx_qspi.o ABSOLUTE
    ..\STM32F4xx_DSP_StdPeriph_Lib_V1.8.0\Libraries\STM32F4xx_StdPeriph_Driver\src\stm32f4xx_rcc.c 0x00000000   Number         0  stm32f4xx_rcc.o ABSOLUTE
    ..\STM32F4xx_DSP_StdPeriph_Lib_V1.8.0\Libraries\STM32F4xx_StdPeriph_Driver\src\stm32f4xx_rng.c 0x00000000   Number         0  stm32f4xx_rng.o ABSOLUTE
    ..\STM32F4xx_DSP_StdPeriph_Lib_V1.8.0\Libraries\STM32F4xx_StdPeriph_Driver\src\stm32f4xx_rtc.c 0x00000000   Number         0  stm32f4xx_rtc.o ABSOLUTE
    ..\STM32F4xx_DSP_StdPeriph_Lib_V1.8.0\Libraries\STM32F4xx_StdPeriph_Driver\src\stm32f4xx_sai.c 0x00000000   Number         0  stm32f4xx_sai.o ABSOLUTE
    ..\STM32F4xx_DSP_StdPeriph_Lib_V1.8.0\Libraries\STM32F4xx_StdPeriph_Driver\src\stm32f4xx_sdio.c 0x00000000   Number         0  stm32f4xx_sdio.o ABSOLUTE
    ..\STM32F4xx_DSP_StdPeriph_Lib_V1.8.0\Libraries\STM32F4xx_StdPeriph_Driver\src\stm32f4xx_spdifrx.c 0x00000000   Number         0  stm32f4xx_spdifrx.o ABSOLUTE
    ..\STM32F4xx_DSP_StdPeriph_Lib_V1.8.0\Libraries\STM32F4xx_StdPeriph_Driver\src\stm32f4xx_spi.c 0x00000000   Number         0  stm32f4xx_spi.o ABSOLUTE
    ..\STM32F4xx_DSP_StdPeriph_Lib_V1.8.0\Libraries\STM32F4xx_StdPeriph_Driver\src\stm32f4xx_syscfg.c 0x00000000   Number         0  stm32f4xx_syscfg.o ABSOLUTE
    ..\STM32F4xx_DSP_StdPeriph_Lib_V1.8.0\Libraries\STM32F4xx_StdPeriph_Driver\src\stm32f4xx_tim.c 0x00000000   Number         0  stm32f4xx_tim.o ABSOLUTE
    ..\STM32F4xx_DSP_StdPeriph_Lib_V1.8.0\Libraries\STM32F4xx_StdPeriph_Driver\src\stm32f4xx_usart.c 0x00000000   Number         0  stm32f4xx_usart.o ABSOLUTE
    ..\STM32F4xx_DSP_StdPeriph_Lib_V1.8.0\Libraries\STM32F4xx_StdPeriph_Driver\src\stm32f4xx_wwdg.c 0x00000000   Number         0  stm32f4xx_wwdg.o ABSOLUTE
    ..\STM32F4xx_DSP_StdPeriph_Lib_V1.8.0\Utilities\Third_Party\fat_fs\src\ff.c 0x00000000   Number         0  ff.o ABSOLUTE
    ..\\STM32F4xx_DSP_StdPeriph_Lib_V1.8.0\\Libraries\\CMSIS\\Device\\ST\\STM32F4xx\\Source\\Templates\\system_stm32f4xx.c 0x00000000   Number         0  system_stm32f4xx.o ABSOLUTE
    ..\\STM32F4xx_DSP_StdPeriph_Lib_V1.8.0\\Libraries\\STM32F4xx_StdPeriph_Driver\\src\\misc.c 0x00000000   Number         0  misc.o ABSOLUTE
    ..\\STM32F4xx_DSP_StdPeriph_Lib_V1.8.0\\Libraries\\STM32F4xx_StdPeriph_Driver\\src\\stm32f4xx_adc.c 0x00000000   Number         0  stm32f4xx_adc.o ABSOLUTE
    ..\\STM32F4xx_DSP_StdPeriph_Lib_V1.8.0\\Libraries\\STM32F4xx_StdPeriph_Driver\\src\\stm32f4xx_can.c 0x00000000   Number         0  stm32f4xx_can.o ABSOLUTE
    ..\\STM32F4xx_DSP_StdPeriph_Lib_V1.8.0\\Libraries\\STM32F4xx_StdPeriph_Driver\\src\\stm32f4xx_cec.c 0x00000000   Number         0  stm32f4xx_cec.o ABSOLUTE
    ..\\STM32F4xx_DSP_StdPeriph_Lib_V1.8.0\\Libraries\\STM32F4xx_StdPeriph_Driver\\src\\stm32f4xx_crc.c 0x00000000   Number         0  stm32f4xx_crc.o ABSOLUTE
    ..\\STM32F4xx_DSP_StdPeriph_Lib_V1.8.0\\Libraries\\STM32F4xx_StdPeriph_Driver\\src\\stm32f4xx_cryp.c 0x00000000   Number         0  stm32f4xx_cryp.o ABSOLUTE
    ..\\STM32F4xx_DSP_StdPeriph_Lib_V1.8.0\\Libraries\\STM32F4xx_StdPeriph_Driver\\src\\stm32f4xx_cryp_aes.c 0x00000000   Number         0  stm32f4xx_cryp_aes.o ABSOLUTE
    ..\\STM32F4xx_DSP_StdPeriph_Lib_V1.8.0\\Libraries\\STM32F4xx_StdPeriph_Driver\\src\\stm32f4xx_cryp_des.c 0x00000000   Number         0  stm32f4xx_cryp_des.o ABSOLUTE
    ..\\STM32F4xx_DSP_StdPeriph_Lib_V1.8.0\\Libraries\\STM32F4xx_StdPeriph_Driver\\src\\stm32f4xx_cryp_tdes.c 0x00000000   Number         0  stm32f4xx_cryp_tdes.o ABSOLUTE
    ..\\STM32F4xx_DSP_StdPeriph_Lib_V1.8.0\\Libraries\\STM32F4xx_StdPeriph_Driver\\src\\stm32f4xx_dac.c 0x00000000   Number         0  stm32f4xx_dac.o ABSOLUTE
    ..\\STM32F4xx_DSP_StdPeriph_Lib_V1.8.0\\Libraries\\STM32F4xx_StdPeriph_Driver\\src\\stm32f4xx_dbgmcu.c 0x00000000   Number         0  stm32f4xx_dbgmcu.o ABSOLUTE
    ..\\STM32F4xx_DSP_StdPeriph_Lib_V1.8.0\\Libraries\\STM32F4xx_StdPeriph_Driver\\src\\stm32f4xx_dcmi.c 0x00000000   Number         0  stm32f4xx_dcmi.o ABSOLUTE
    ..\\STM32F4xx_DSP_StdPeriph_Lib_V1.8.0\\Libraries\\STM32F4xx_StdPeriph_Driver\\src\\stm32f4xx_dfsdm.c 0x00000000   Number         0  stm32f4xx_dfsdm.o ABSOLUTE
    ..\\STM32F4xx_DSP_StdPeriph_Lib_V1.8.0\\Libraries\\STM32F4xx_StdPeriph_Driver\\src\\stm32f4xx_dma.c 0x00000000   Number         0  stm32f4xx_dma.o ABSOLUTE
    ..\\STM32F4xx_DSP_StdPeriph_Lib_V1.8.0\\Libraries\\STM32F4xx_StdPeriph_Driver\\src\\stm32f4xx_dma2d.c 0x00000000   Number         0  stm32f4xx_dma2d.o ABSOLUTE
    ..\\STM32F4xx_DSP_StdPeriph_Lib_V1.8.0\\Libraries\\STM32F4xx_StdPeriph_Driver\\src\\stm32f4xx_dsi.c 0x00000000   Number         0  stm32f4xx_dsi.o ABSOLUTE
    ..\\STM32F4xx_DSP_StdPeriph_Lib_V1.8.0\\Libraries\\STM32F4xx_StdPeriph_Driver\\src\\stm32f4xx_exti.c 0x00000000   Number         0  stm32f4xx_exti.o ABSOLUTE
    ..\\STM32F4xx_DSP_StdPeriph_Lib_V1.8.0\\Libraries\\STM32F4xx_StdPeriph_Driver\\src\\stm32f4xx_flash.c 0x00000000   Number         0  stm32f4xx_flash.o ABSOLUTE
    ..\\STM32F4xx_DSP_StdPeriph_Lib_V1.8.0\\Libraries\\STM32F4xx_StdPeriph_Driver\\src\\stm32f4xx_flash_ramfunc.c 0x00000000   Number         0  stm32f4xx_flash_ramfunc.o ABSOLUTE
    ..\\STM32F4xx_DSP_StdPeriph_Lib_V1.8.0\\Libraries\\STM32F4xx_StdPeriph_Driver\\src\\stm32f4xx_fmpi2c.c 0x00000000   Number         0  stm32f4xx_fmpi2c.o ABSOLUTE
    ..\\STM32F4xx_DSP_StdPeriph_Lib_V1.8.0\\Libraries\\STM32F4xx_StdPeriph_Driver\\src\\stm32f4xx_fsmc.c 0x00000000   Number         0  stm32f4xx_fsmc.o ABSOLUTE
    ..\\STM32F4xx_DSP_StdPeriph_Lib_V1.8.0\\Libraries\\STM32F4xx_StdPeriph_Driver\\src\\stm32f4xx_gpio.c 0x00000000   Number         0  stm32f4xx_gpio.o ABSOLUTE
    ..\\STM32F4xx_DSP_StdPeriph_Lib_V1.8.0\\Libraries\\STM32F4xx_StdPeriph_Driver\\src\\stm32f4xx_hash.c 0x00000000   Number         0  stm32f4xx_hash.o ABSOLUTE
    ..\\STM32F4xx_DSP_StdPeriph_Lib_V1.8.0\\Libraries\\STM32F4xx_StdPeriph_Driver\\src\\stm32f4xx_hash_md5.c 0x00000000   Number         0  stm32f4xx_hash_md5.o ABSOLUTE
    ..\\STM32F4xx_DSP_StdPeriph_Lib_V1.8.0\\Libraries\\STM32F4xx_StdPeriph_Driver\\src\\stm32f4xx_hash_sha1.c 0x00000000   Number         0  stm32f4xx_hash_sha1.o ABSOLUTE
    ..\\STM32F4xx_DSP_StdPeriph_Lib_V1.8.0\\Libraries\\STM32F4xx_StdPeriph_Driver\\src\\stm32f4xx_i2c.c 0x00000000   Number         0  stm32f4xx_i2c.o ABSOLUTE
    ..\\STM32F4xx_DSP_StdPeriph_Lib_V1.8.0\\Libraries\\STM32F4xx_StdPeriph_Driver\\src\\stm32f4xx_iwdg.c 0x00000000   Number         0  stm32f4xx_iwdg.o ABSOLUTE
    ..\\STM32F4xx_DSP_StdPeriph_Lib_V1.8.0\\Libraries\\STM32F4xx_StdPeriph_Driver\\src\\stm32f4xx_lptim.c 0x00000000   Number         0  stm32f4xx_lptim.o ABSOLUTE
    ..\\STM32F4xx_DSP_StdPeriph_Lib_V1.8.0\\Libraries\\STM32F4xx_StdPeriph_Driver\\src\\stm32f4xx_ltdc.c 0x00000000   Number         0  stm32f4xx_ltdc.o ABSOLUTE
    ..\\STM32F4xx_DSP_StdPeriph_Lib_V1.8.0\\Libraries\\STM32F4xx_StdPeriph_Driver\\src\\stm32f4xx_pwr.c 0x00000000   Number         0  stm32f4xx_pwr.o ABSOLUTE
    ..\\STM32F4xx_DSP_StdPeriph_Lib_V1.8.0\\Libraries\\STM32F4xx_StdPeriph_Driver\\src\\stm32f4xx_qspi.c 0x00000000   Number         0  stm32f4xx_qspi.o ABSOLUTE
    ..\\STM32F4xx_DSP_StdPeriph_Lib_V1.8.0\\Libraries\\STM32F4xx_StdPeriph_Driver\\src\\stm32f4xx_rcc.c 0x00000000   Number         0  stm32f4xx_rcc.o ABSOLUTE
    ..\\STM32F4xx_DSP_StdPeriph_Lib_V1.8.0\\Libraries\\STM32F4xx_StdPeriph_Driver\\src\\stm32f4xx_rng.c 0x00000000   Number         0  stm32f4xx_rng.o ABSOLUTE
    ..\\STM32F4xx_DSP_StdPeriph_Lib_V1.8.0\\Libraries\\STM32F4xx_StdPeriph_Driver\\src\\stm32f4xx_rtc.c 0x00000000   Number         0  stm32f4xx_rtc.o ABSOLUTE
    ..\\STM32F4xx_DSP_StdPeriph_Lib_V1.8.0\\Libraries\\STM32F4xx_StdPeriph_Driver\\src\\stm32f4xx_sai.c 0x00000000   Number         0  stm32f4xx_sai.o ABSOLUTE
    ..\\STM32F4xx_DSP_StdPeriph_Lib_V1.8.0\\Libraries\\STM32F4xx_StdPeriph_Driver\\src\\stm32f4xx_sdio.c 0x00000000   Number         0  stm32f4xx_sdio.o ABSOLUTE
    ..\\STM32F4xx_DSP_StdPeriph_Lib_V1.8.0\\Libraries\\STM32F4xx_StdPeriph_Driver\\src\\stm32f4xx_spdifrx.c 0x00000000   Number         0  stm32f4xx_spdifrx.o ABSOLUTE
    ..\\STM32F4xx_DSP_StdPeriph_Lib_V1.8.0\\Libraries\\STM32F4xx_StdPeriph_Driver\\src\\stm32f4xx_spi.c 0x00000000   Number         0  stm32f4xx_spi.o ABSOLUTE
    ..\\STM32F4xx_DSP_StdPeriph_Lib_V1.8.0\\Libraries\\STM32F4xx_StdPeriph_Driver\\src\\stm32f4xx_syscfg.c 0x00000000   Number         0  stm32f4xx_syscfg.o ABSOLUTE
    ..\\STM32F4xx_DSP_StdPeriph_Lib_V1.8.0\\Libraries\\STM32F4xx_StdPeriph_Driver\\src\\stm32f4xx_tim.c 0x00000000   Number         0  stm32f4xx_tim.o ABSOLUTE
    ..\\STM32F4xx_DSP_StdPeriph_Lib_V1.8.0\\Libraries\\STM32F4xx_StdPeriph_Driver\\src\\stm32f4xx_usart.c 0x00000000   Number         0  stm32f4xx_usart.o ABSOLUTE
    ..\\STM32F4xx_DSP_StdPeriph_Lib_V1.8.0\\Libraries\\STM32F4xx_StdPeriph_Driver\\src\\stm32f4xx_wwdg.c 0x00000000   Number         0  stm32f4xx_wwdg.o ABSOLUTE
    ..\\ssnocd\\cd-img.c                     0x00000000   Number         0  cd-img.o ABSOLUTE
    ..\\ssnocd\\cdstate.c                    0x00000000   Number         0  cdstate.o ABSOLUTE
    ..\\ssnocd\\fs.c                         0x00000000   Number         0  fs.o ABSOLUTE
    ..\\ssnocd\\lib.c                        0x00000000   Number         0  lib.o ABSOLUTE
    ..\\ssnocd\\mds.c                        0x00000000   Number         0  mds.o ABSOLUTE
    ..\ssnocd\cd-img.c                       0x00000000   Number         0  cd-img.o ABSOLUTE
    ..\ssnocd\cdstate.c                      0x00000000   Number         0  cdstate.o ABSOLUTE
    ..\ssnocd\fs.c                           0x00000000   Number         0  fs.o ABSOLUTE
    ..\ssnocd\lib.c                          0x00000000   Number         0  lib.o ABSOLUTE
    ..\ssnocd\mds.c                          0x00000000   Number         0  mds.o ABSOLUTE
    dc.s                                     0x00000000   Number         0  dc.o ABSOLUTE
    ff-impl.c                                0x00000000   Number         0  ff-impl.o ABSOLUTE
    ff-impl.c                                0x00000000   Number         0  ff-impl.o ABSOLUTE
    main.c                                   0x00000000   Number         0  main.o ABSOLUTE
    main.c                                   0x00000000   Number         0  main.o ABSOLUTE
    state.c                                  0x00000000   Number         0  state.o ABSOLUTE
    state.c                                  0x00000000   Number         0  state.o ABSOLUTE
    !!!main                                  0x00000188   Section        8  __main.o(!!!main)
    !!!scatter                               0x00000190   Section       52  __scatter.o(!!!scatter)
    !!handler_copy                           0x000001c4   Section       26  __scatter_copy.o(!!handler_copy)
    !!handler_zi                             0x000001e0   Section       28  __scatter_zi.o(!!handler_zi)
    .ARM.Collect$$libinit$$00000000          0x000001fc   Section        2  libinit.o(.ARM.Collect$$libinit$$00000000)
    .ARM.Collect$$libinit$$00000001          0x000001fe   Section        4  libinit2.o(.ARM.Collect$$libinit$$00000001)
    .ARM.Collect$$libinit$$00000004          0x00000202   Section        0  libinit2.o(.ARM.Collect$$libinit$$00000004)
    .ARM.Collect$$libinit$$0000000A          0x00000202   Section        0  libinit2.o(.ARM.Collect$$libinit$$0000000A)
    .ARM.Collect$$libinit$$0000000C          0x00000202   Section        0  libinit2.o(.ARM.Collect$$libinit$$0000000C)
    .ARM.Collect$$libinit$$0000000E          0x00000202   Section        0  libinit2.o(.ARM.Collect$$libinit$$0000000E)
    .ARM.Collect$$libinit$$00000011          0x00000202   Section        0  libinit2.o(.ARM.Collect$$libinit$$00000011)
    .ARM.Collect$$libinit$$00000013          0x00000202   Section        0  libinit2.o(.ARM.Collect$$libinit$$00000013)
    .ARM.Collect$$libinit$$00000015          0x00000202   Section        0  libinit2.o(.ARM.Collect$$libinit$$00000015)
    .ARM.Collect$$libinit$$00000017          0x00000202   Section        0  libinit2.o(.ARM.Collect$$libinit$$00000017)
    .ARM.Collect$$libinit$$00000019          0x00000202   Section        0  libinit2.o(.ARM.Collect$$libinit$$00000019)
    .ARM.Collect$$libinit$$0000001B          0x00000202   Section        0  libinit2.o(.ARM.Collect$$libinit$$0000001B)
    .ARM.Collect$$libinit$$0000001D          0x00000202   Section        0  libinit2.o(.ARM.Collect$$libinit$$0000001D)
    .ARM.Collect$$libinit$$0000001F          0x00000202   Section        0  libinit2.o(.ARM.Collect$$libinit$$0000001F)
    .ARM.Collect$$libinit$$00000021          0x00000202   Section        0  libinit2.o(.ARM.Collect$$libinit$$00000021)
    .ARM.Collect$$libinit$$00000023          0x00000202   Section        0  libinit2.o(.ARM.Collect$$libinit$$00000023)
    .ARM.Collect$$libinit$$00000025          0x00000202   Section        0  libinit2.o(.ARM.Collect$$libinit$$00000025)
    .ARM.Collect$$libinit$$0000002C          0x00000202   Section        0  libinit2.o(.ARM.Collect$$libinit$$0000002C)
    .ARM.Collect$$libinit$$0000002E          0x00000202   Section        0  libinit2.o(.ARM.Collect$$libinit$$0000002E)
    .ARM.Collect$$libinit$$00000030          0x00000202   Section        0  libinit2.o(.ARM.Collect$$libinit$$00000030)
    .ARM.Collect$$libinit$$00000032          0x00000202   Section        0  libinit2.o(.ARM.Collect$$libinit$$00000032)
    .ARM.Collect$$libinit$$00000033          0x00000202   Section        2  libinit2.o(.ARM.Collect$$libinit$$00000033)
    .ARM.Collect$$libshutdown$$00000000      0x00000204   Section        2  libshutdown.o(.ARM.Collect$$libshutdown$$00000000)
    .ARM.Collect$$libshutdown$$00000002      0x00000206   Section        0  libshutdown2.o(.ARM.Collect$$libshutdown$$00000002)
    .ARM.Collect$$libshutdown$$00000004      0x00000206   Section        0  libshutdown2.o(.ARM.Collect$$libshutdown$$00000004)
    .ARM.Collect$$libshutdown$$00000007      0x00000206   Section        0  libshutdown2.o(.ARM.Collect$$libshutdown$$00000007)
    .ARM.Collect$$libshutdown$$0000000A      0x00000206   Section        0  libshutdown2.o(.ARM.Collect$$libshutdown$$0000000A)
    .ARM.Collect$$libshutdown$$0000000C      0x00000206   Section        0  libshutdown2.o(.ARM.Collect$$libshutdown$$0000000C)
    .ARM.Collect$$libshutdown$$0000000F      0x00000206   Section        0  libshutdown2.o(.ARM.Collect$$libshutdown$$0000000F)
    .ARM.Collect$$libshutdown$$00000010      0x00000206   Section        2  libshutdown2.o(.ARM.Collect$$libshutdown$$00000010)
    .ARM.Collect$$rtentry$$00000000          0x00000208   Section        0  __rtentry.o(.ARM.Collect$$rtentry$$00000000)
    .ARM.Collect$$rtentry$$00000002          0x00000208   Section        0  __rtentry2.o(.ARM.Collect$$rtentry$$00000002)
    .ARM.Collect$$rtentry$$00000004          0x00000208   Section        6  __rtentry4.o(.ARM.Collect$$rtentry$$00000004)
    .ARM.Collect$$rtentry$$00000009          0x0000020e   Section        0  __rtentry2.o(.ARM.Collect$$rtentry$$00000009)
    .ARM.Collect$$rtentry$$0000000A          0x0000020e   Section        4  __rtentry2.o(.ARM.Collect$$rtentry$$0000000A)
    .ARM.Collect$$rtentry$$0000000C          0x00000212   Section        0  __rtentry2.o(.ARM.Collect$$rtentry$$0000000C)
    .ARM.Collect$$rtentry$$0000000D          0x00000212   Section        8  __rtentry2.o(.ARM.Collect$$rtentry$$0000000D)
    .ARM.Collect$$rtexit$$00000000           0x0000021a   Section        2  rtexit.o(.ARM.Collect$$rtexit$$00000000)
    .ARM.Collect$$rtexit$$00000002           0x0000021c   Section        0  rtexit2.o(.ARM.Collect$$rtexit$$00000002)
    .ARM.Collect$$rtexit$$00000003           0x0000021c   Section        4  rtexit2.o(.ARM.Collect$$rtexit$$00000003)
    .ARM.Collect$$rtexit$$00000004           0x00000220   Section        6  rtexit2.o(.ARM.Collect$$rtexit$$00000004)
    .text                                    0x00000228   Section       64  startup_stm32f40xx.o(.text)
    $v0                                      0x00000228   Number         0  startup_stm32f40xx.o(.text)
    .text                                    0x00000268   Section        0  heapauxi.o(.text)
    .text                                    0x0000026e   Section       74  sys_stackheap_outer.o(.text)
    .text                                    0x000002b8   Section        0  exit.o(.text)
    .text                                    0x000002cc   Section        8  libspace.o(.text)
    .text                                    0x000002d4   Section        2  use_no_semi.o(.text)
    .text                                    0x000002d6   Section        0  indicate_semi.o(.text)
    .text                                    0x000002d8   Section        0  sys_exit.o(.text)
    i.SPI1_IRQHandler                        0x000002e4   Section        0  state.o(i.SPI1_IRQHandler)
    i.SPI_I2S_GetFlagStatus                  0x00000330   Section        0  stm32f4xx_spi.o(i.SPI_I2S_GetFlagStatus)
    i.SPI_I2S_ReceiveData                    0x000003d4   Section        0  stm32f4xx_spi.o(i.SPI_I2S_ReceiveData)
    i.SPI_I2S_SendData                       0x00000434   Section        0  stm32f4xx_spi.o(i.SPI_I2S_SendData)
    i.SetSysClock                            0x00000498   Section        0  system_stm32f4xx.o(i.SetSysClock)
    SetSysClock                              0x00000499   Thumb Code   220  system_stm32f4xx.o(i.SetSysClock)
    i.SystemInit                             0x00000584   Section        0  system_stm32f4xx.o(i.SystemInit)
    i.assert_param                           0x000005ec   Section        0  main.o(i.assert_param)
    i.cd_drive_get_serial_byte               0x000005f0   Section        0  cdstate.o(i.cd_drive_get_serial_byte)
    i.cd_drive_set_serial_byte               0x00000600   Section        0  cdstate.o(i.cd_drive_set_serial_byte)
    i.main                                   0x0000064c   Section        0  main.o(i.main)
    x$fpl$fpinit                             0x00000656   Section       10  fpinit.o(x$fpl$fpinit)
    $v0                                      0x00000656   Number         0  fpinit.o(x$fpl$fpinit)
    .data                                    0x20000000   Section        2  state.o(.data)
    state_updated                            0x20000000   Data           2  state.o(.data)
    .data                                    0x20000002   Section        3  cdstate.o(.data)
    comm_state                               0x20000002   Data           1  cdstate.o(.data)
    lid_closed                               0x20000003   Data           1  cdstate.o(.data)
    has_disk                                 0x20000004   Data           1  cdstate.o(.data)
    .bss                                     0x20000008   Section     1801  cdstate.o(.bss)
    cdd_cxt                                  0x20000008   Data        1289  cdstate.o(.bss)
    str                                      0x20000511   Data         256  cdstate.o(.bss)
    str                                      0x20000611   Data         256  cdstate.o(.bss)
    .bss                                     0x20000714   Section       96  libspace.o(.bss)
    HEAP                                     0x20000778   Section      512  startup_stm32f40xx.o(HEAP)
    Heap_Mem                                 0x20000778   Data         512  startup_stm32f40xx.o(HEAP)
    STACK                                    0x20000978   Section     1024  startup_stm32f40xx.o(STACK)
    Stack_Mem                                0x20000978   Data        1024  startup_stm32f40xx.o(STACK)
    __initial_sp                             0x20000d78   Data           0  startup_stm32f40xx.o(STACK)

    Global Symbols

    Symbol Name                              Value     Ov Type        Size  Object(Section)

    BuildAttributes$$THM_ISAv4$E$P$D$K$B$S$7EM$VFPi3$EXTD16$VFPS$VFMA$PE$A:L22UL41UL21$X:L11$S22US41US21$IEEE1$IW$USESV6$~STKCKD$USESV7$~SHL$OTIME$ROPI$EBA8$UX$STANDARDLIB$REQ8$PRES8$EABIv2 0x00000000   Number         0  anon$$obj.o ABSOLUTE
    __ARM_use_no_argv                        0x00000000   Number         0  main.o ABSOLUTE
    __Vectors                                0x00000000   Data           4  startup_stm32f40xx.o(RESET)
    _printf_flags                            0x00000000   Number         0  printf_stubs.o ABSOLUTE
    _printf_return_value                     0x00000000   Number         0  printf_stubs.o ABSOLUTE
    _printf_sizespec                         0x00000000   Number         0  printf_stubs.o ABSOLUTE
    _printf_widthprec                        0x00000000   Number         0  printf_stubs.o ABSOLUTE
    __ARM_exceptions_init                     - Undefined Weak Reference
    __alloca_initialize                       - Undefined Weak Reference
    __arm_preinit_                            - Undefined Weak Reference
    __cpp_initialize__aeabi_                  - Undefined Weak Reference
    __cxa_finalize                            - Undefined Weak Reference
    __rt_locale                               - Undefined Weak Reference
    __sigvec_lookup                           - Undefined Weak Reference
    __user_heap_extent                        - Undefined Weak Reference
    _atexit_init                              - Undefined Weak Reference
    _call_atexit_fns                          - Undefined Weak Reference
    _clock_init                               - Undefined Weak Reference
    _fp_trap_init                             - Undefined Weak Reference
    _fp_trap_shutdown                         - Undefined Weak Reference
    _get_lc_collate                           - Undefined Weak Reference
    _get_lc_ctype                             - Undefined Weak Reference
    _get_lc_monetary                          - Undefined Weak Reference
    _get_lc_numeric                           - Undefined Weak Reference
    _get_lc_time                              - Undefined Weak Reference
    _getenv_init                              - Undefined Weak Reference
    _handle_redirection                       - Undefined Weak Reference
    _mutex_acquire                            - Undefined Weak Reference
    _mutex_free                               - Undefined Weak Reference
    _mutex_release                            - Undefined Weak Reference
    _printf_mbtowc                            - Undefined Weak Reference
    _printf_truncate_signed                   - Undefined Weak Reference
    _printf_truncate_unsigned                 - Undefined Weak Reference
    _rand_init                                - Undefined Weak Reference
    _signal_finish                            - Undefined Weak Reference
    _signal_init                              - Undefined Weak Reference
    __Vectors_End                            0x00000188   Data           0  startup_stm32f40xx.o(RESET)
    __Vectors_Size                           0x00000188   Number         0  startup_stm32f40xx.o ABSOLUTE
    __main                                   0x00000189   Thumb Code     8  __main.o(!!!main)
    __scatterload                            0x00000191   Thumb Code     0  __scatter.o(!!!scatter)
    __scatterload_rt2                        0x00000191   Thumb Code    44  __scatter.o(!!!scatter)
    __scatterload_rt2_thumb_only             0x00000191   Thumb Code     0  __scatter.o(!!!scatter)
    __scatterload_null                       0x0000019f   Thumb Code     0  __scatter.o(!!!scatter)
    __scatterload_copy                       0x000001c5   Thumb Code    26  __scatter_copy.o(!!handler_copy)
    __scatterload_zeroinit                   0x000001e1   Thumb Code    28  __scatter_zi.o(!!handler_zi)
    __rt_lib_init                            0x000001fd   Thumb Code     0  libinit.o(.ARM.Collect$$libinit$$00000000)
    __rt_lib_init_fp_1                       0x000001ff   Thumb Code     0  libinit2.o(.ARM.Collect$$libinit$$00000001)
    __rt_lib_init_alloca_1                   0x00000203   Thumb Code     0  libinit2.o(.ARM.Collect$$libinit$$0000002E)
    __rt_lib_init_argv_1                     0x00000203   Thumb Code     0  libinit2.o(.ARM.Collect$$libinit$$0000002C)
    __rt_lib_init_atexit_1                   0x00000203   Thumb Code     0  libinit2.o(.ARM.Collect$$libinit$$0000001B)
    __rt_lib_init_clock_1                    0x00000203   Thumb Code     0  libinit2.o(.ARM.Collect$$libinit$$00000021)
    __rt_lib_init_cpp_1                      0x00000203   Thumb Code     0  libinit2.o(.ARM.Collect$$libinit$$00000032)
    __rt_lib_init_exceptions_1               0x00000203   Thumb Code     0  libinit2.o(.ARM.Collect$$libinit$$00000030)
    __rt_lib_init_fp_trap_1                  0x00000203   Thumb Code     0  libinit2.o(.ARM.Collect$$libinit$$0000001F)
    __rt_lib_init_getenv_1                   0x00000203   Thumb Code     0  libinit2.o(.ARM.Collect$$libinit$$00000023)
    __rt_lib_init_heap_1                     0x00000203   Thumb Code     0  libinit2.o(.ARM.Collect$$libinit$$0000000A)
    __rt_lib_init_lc_collate_1               0x00000203   Thumb Code     0  libinit2.o(.ARM.Collect$$libinit$$00000011)
    __rt_lib_init_lc_ctype_1                 0x00000203   Thumb Code     0  libinit2.o(.ARM.Collect$$libinit$$00000013)
    __rt_lib_init_lc_monetary_1              0x00000203   Thumb Code     0  libinit2.o(.ARM.Collect$$libinit$$00000015)
    __rt_lib_init_lc_numeric_1               0x00000203   Thumb Code     0  libinit2.o(.ARM.Collect$$libinit$$00000017)
    __rt_lib_init_lc_time_1                  0x00000203   Thumb Code     0  libinit2.o(.ARM.Collect$$libinit$$00000019)
    __rt_lib_init_preinit_1                  0x00000203   Thumb Code     0  libinit2.o(.ARM.Collect$$libinit$$00000004)
    __rt_lib_init_rand_1                     0x00000203   Thumb Code     0  libinit2.o(.ARM.Collect$$libinit$$0000000E)
    __rt_lib_init_return                     0x00000203   Thumb Code     0  libinit2.o(.ARM.Collect$$libinit$$00000033)
    __rt_lib_init_signal_1                   0x00000203   Thumb Code     0  libinit2.o(.ARM.Collect$$libinit$$0000001D)
    __rt_lib_init_stdio_1                    0x00000203   Thumb Code     0  libinit2.o(.ARM.Collect$$libinit$$00000025)
    __rt_lib_init_user_alloc_1               0x00000203   Thumb Code     0  libinit2.o(.ARM.Collect$$libinit$$0000000C)
    __rt_lib_shutdown                        0x00000205   Thumb Code     0  libshutdown.o(.ARM.Collect$$libshutdown$$00000000)
    __rt_lib_shutdown_cpp_1                  0x00000207   Thumb Code     0  libshutdown2.o(.ARM.Collect$$libshutdown$$00000002)
    __rt_lib_shutdown_fp_trap_1              0x00000207   Thumb Code     0  libshutdown2.o(.ARM.Collect$$libshutdown$$00000007)
    __rt_lib_shutdown_heap_1                 0x00000207   Thumb Code     0  libshutdown2.o(.ARM.Collect$$libshutdown$$0000000F)
    __rt_lib_shutdown_return                 0x00000207   Thumb Code     0  libshutdown2.o(.ARM.Collect$$libshutdown$$00000010)
    __rt_lib_shutdown_signal_1               0x00000207   Thumb Code     0  libshutdown2.o(.ARM.Collect$$libshutdown$$0000000A)
    __rt_lib_shutdown_stdio_1                0x00000207   Thumb Code     0  libshutdown2.o(.ARM.Collect$$libshutdown$$00000004)
    __rt_lib_shutdown_user_alloc_1           0x00000207   Thumb Code     0  libshutdown2.o(.ARM.Collect$$libshutdown$$0000000C)
    __rt_entry                               0x00000209   Thumb Code     0  __rtentry.o(.ARM.Collect$$rtentry$$00000000)
    __rt_entry_presh_1                       0x00000209   Thumb Code     0  __rtentry2.o(.ARM.Collect$$rtentry$$00000002)
    __rt_entry_sh                            0x00000209   Thumb Code     0  __rtentry4.o(.ARM.Collect$$rtentry$$00000004)
    __rt_entry_li                            0x0000020f   Thumb Code     0  __rtentry2.o(.ARM.Collect$$rtentry$$0000000A)
    __rt_entry_postsh_1                      0x0000020f   Thumb Code     0  __rtentry2.o(.ARM.Collect$$rtentry$$00000009)
    __rt_entry_main                          0x00000213   Thumb Code     0  __rtentry2.o(.ARM.Collect$$rtentry$$0000000D)
    __rt_entry_postli_1                      0x00000213   Thumb Code     0  __rtentry2.o(.ARM.Collect$$rtentry$$0000000C)
    __rt_exit                                0x0000021b   Thumb Code     0  rtexit.o(.ARM.Collect$$rtexit$$00000000)
    __rt_exit_ls                             0x0000021d   Thumb Code     0  rtexit2.o(.ARM.Collect$$rtexit$$00000003)
    __rt_exit_prels_1                        0x0000021d   Thumb Code     0  rtexit2.o(.ARM.Collect$$rtexit$$00000002)
    __rt_exit_exit                           0x00000221   Thumb Code     0  rtexit2.o(.ARM.Collect$$rtexit$$00000004)
    Reset_Handler                            0x00000229   Thumb Code     8  startup_stm32f40xx.o(.text)
    NMI_Handler                              0x00000231   Thumb Code     2  startup_stm32f40xx.o(.text)
    HardFault_Handler                        0x00000233   Thumb Code     2  startup_stm32f40xx.o(.text)
    MemManage_Handler                        0x00000235   Thumb Code     2  startup_stm32f40xx.o(.text)
    BusFault_Handler                         0x00000237   Thumb Code     2  startup_stm32f40xx.o(.text)
    UsageFault_Handler                       0x00000239   Thumb Code     2  startup_stm32f40xx.o(.text)
    SVC_Handler                              0x0000023b   Thumb Code     2  startup_stm32f40xx.o(.text)
    DebugMon_Handler                         0x0000023d   Thumb Code     2  startup_stm32f40xx.o(.text)
    PendSV_Handler                           0x0000023f   Thumb Code     2  startup_stm32f40xx.o(.text)
    SysTick_Handler                          0x00000241   Thumb Code     2  startup_stm32f40xx.o(.text)
    ADC_IRQHandler                           0x00000243   Thumb Code     0  startup_stm32f40xx.o(.text)
    CAN1_RX0_IRQHandler                      0x00000243   Thumb Code     0  startup_stm32f40xx.o(.text)
    CAN1_RX1_IRQHandler                      0x00000243   Thumb Code     0  startup_stm32f40xx.o(.text)
    CAN1_SCE_IRQHandler                      0x00000243   Thumb Code     0  startup_stm32f40xx.o(.text)
    CAN1_TX_IRQHandler                       0x00000243   Thumb Code     0  startup_stm32f40xx.o(.text)
    CAN2_RX0_IRQHandler                      0x00000243   Thumb Code     0  startup_stm32f40xx.o(.text)
    CAN2_RX1_IRQHandler                      0x00000243   Thumb Code     0  startup_stm32f40xx.o(.text)
    CAN2_SCE_IRQHandler                      0x00000243   Thumb Code     0  startup_stm32f40xx.o(.text)
    CAN2_TX_IRQHandler                       0x00000243   Thumb Code     0  startup_stm32f40xx.o(.text)
    CRYP_IRQHandler                          0x00000243   Thumb Code     0  startup_stm32f40xx.o(.text)
    DCMI_IRQHandler                          0x00000243   Thumb Code     0  startup_stm32f40xx.o(.text)
    DMA1_Stream0_IRQHandler                  0x00000243   Thumb Code     0  startup_stm32f40xx.o(.text)
    DMA1_Stream1_IRQHandler                  0x00000243   Thumb Code     0  startup_stm32f40xx.o(.text)
    DMA1_Stream2_IRQHandler                  0x00000243   Thumb Code     0  startup_stm32f40xx.o(.text)
    DMA1_Stream3_IRQHandler                  0x00000243   Thumb Code     0  startup_stm32f40xx.o(.text)
    DMA1_Stream4_IRQHandler                  0x00000243   Thumb Code     0  startup_stm32f40xx.o(.text)
    DMA1_Stream5_IRQHandler                  0x00000243   Thumb Code     0  startup_stm32f40xx.o(.text)
    DMA1_Stream6_IRQHandler                  0x00000243   Thumb Code     0  startup_stm32f40xx.o(.text)
    DMA1_Stream7_IRQHandler                  0x00000243   Thumb Code     0  startup_stm32f40xx.o(.text)
    DMA2_Stream0_IRQHandler                  0x00000243   Thumb Code     0  startup_stm32f40xx.o(.text)
    DMA2_Stream1_IRQHandler                  0x00000243   Thumb Code     0  startup_stm32f40xx.o(.text)
    DMA2_Stream2_IRQHandler                  0x00000243   Thumb Code     0  startup_stm32f40xx.o(.text)
    DMA2_Stream3_IRQHandler                  0x00000243   Thumb Code     0  startup_stm32f40xx.o(.text)
    DMA2_Stream4_IRQHandler                  0x00000243   Thumb Code     0  startup_stm32f40xx.o(.text)
    DMA2_Stream5_IRQHandler                  0x00000243   Thumb Code     0  startup_stm32f40xx.o(.text)
    DMA2_Stream6_IRQHandler                  0x00000243   Thumb Code     0  startup_stm32f40xx.o(.text)
    DMA2_Stream7_IRQHandler                  0x00000243   Thumb Code     0  startup_stm32f40xx.o(.text)
    ETH_IRQHandler                           0x00000243   Thumb Code     0  startup_stm32f40xx.o(.text)
    ETH_WKUP_IRQHandler                      0x00000243   Thumb Code     0  startup_stm32f40xx.o(.text)
    EXTI0_IRQHandler                         0x00000243   Thumb Code     0  startup_stm32f40xx.o(.text)
    EXTI15_10_IRQHandler                     0x00000243   Thumb Code     0  startup_stm32f40xx.o(.text)
    EXTI1_IRQHandler                         0x00000243   Thumb Code     0  startup_stm32f40xx.o(.text)
    EXTI2_IRQHandler                         0x00000243   Thumb Code     0  startup_stm32f40xx.o(.text)
    EXTI3_IRQHandler                         0x00000243   Thumb Code     0  startup_stm32f40xx.o(.text)
    EXTI4_IRQHandler                         0x00000243   Thumb Code     0  startup_stm32f40xx.o(.text)
    EXTI9_5_IRQHandler                       0x00000243   Thumb Code     0  startup_stm32f40xx.o(.text)
    FLASH_IRQHandler                         0x00000243   Thumb Code     0  startup_stm32f40xx.o(.text)
    FPU_IRQHandler                           0x00000243   Thumb Code     0  startup_stm32f40xx.o(.text)
    FSMC_IRQHandler                          0x00000243   Thumb Code     0  startup_stm32f40xx.o(.text)
    HASH_RNG_IRQHandler                      0x00000243   Thumb Code     0  startup_stm32f40xx.o(.text)
    I2C1_ER_IRQHandler                       0x00000243   Thumb Code     0  startup_stm32f40xx.o(.text)
    I2C1_EV_IRQHandler                       0x00000243   Thumb Code     0  startup_stm32f40xx.o(.text)
    I2C2_ER_IRQHandler                       0x00000243   Thumb Code     0  startup_stm32f40xx.o(.text)
    I2C2_EV_IRQHandler                       0x00000243   Thumb Code     0  startup_stm32f40xx.o(.text)
    I2C3_ER_IRQHandler                       0x00000243   Thumb Code     0  startup_stm32f40xx.o(.text)
    I2C3_EV_IRQHandler                       0x00000243   Thumb Code     0  startup_stm32f40xx.o(.text)
    OTG_FS_IRQHandler                        0x00000243   Thumb Code     0  startup_stm32f40xx.o(.text)
    OTG_FS_WKUP_IRQHandler                   0x00000243   Thumb Code     0  startup_stm32f40xx.o(.text)
    OTG_HS_EP1_IN_IRQHandler                 0x00000243   Thumb Code     0  startup_stm32f40xx.o(.text)
    OTG_HS_EP1_OUT_IRQHandler                0x00000243   Thumb Code     0  startup_stm32f40xx.o(.text)
    OTG_HS_IRQHandler                        0x00000243   Thumb Code     0  startup_stm32f40xx.o(.text)
    OTG_HS_WKUP_IRQHandler                   0x00000243   Thumb Code     0  startup_stm32f40xx.o(.text)
    PVD_IRQHandler                           0x00000243   Thumb Code     0  startup_stm32f40xx.o(.text)
    RCC_IRQHandler                           0x00000243   Thumb Code     0  startup_stm32f40xx.o(.text)
    RTC_Alarm_IRQHandler                     0x00000243   Thumb Code     0  startup_stm32f40xx.o(.text)
    RTC_WKUP_IRQHandler                      0x00000243   Thumb Code     0  startup_stm32f40xx.o(.text)
    SDIO_IRQHandler                          0x00000243   Thumb Code     0  startup_stm32f40xx.o(.text)
    SPI2_IRQHandler                          0x00000243   Thumb Code     0  startup_stm32f40xx.o(.text)
    SPI3_IRQHandler                          0x00000243   Thumb Code     0  startup_stm32f40xx.o(.text)
    TAMP_STAMP_IRQHandler                    0x00000243   Thumb Code     0  startup_stm32f40xx.o(.text)
    TIM1_BRK_TIM9_IRQHandler                 0x00000243   Thumb Code     0  startup_stm32f40xx.o(.text)
    TIM1_CC_IRQHandler                       0x00000243   Thumb Code     0  startup_stm32f40xx.o(.text)
    TIM1_TRG_COM_TIM11_IRQHandler            0x00000243   Thumb Code     0  startup_stm32f40xx.o(.text)
    TIM1_UP_TIM10_IRQHandler                 0x00000243   Thumb Code     0  startup_stm32f40xx.o(.text)
    TIM2_IRQHandler                          0x00000243   Thumb Code     0  startup_stm32f40xx.o(.text)
    TIM3_IRQHandler                          0x00000243   Thumb Code     0  startup_stm32f40xx.o(.text)
    TIM4_IRQHandler                          0x00000243   Thumb Code     0  startup_stm32f40xx.o(.text)
    TIM5_IRQHandler                          0x00000243   Thumb Code     0  startup_stm32f40xx.o(.text)
    TIM6_DAC_IRQHandler                      0x00000243   Thumb Code     0  startup_stm32f40xx.o(.text)
    TIM7_IRQHandler                          0x00000243   Thumb Code     0  startup_stm32f40xx.o(.text)
    TIM8_BRK_TIM12_IRQHandler                0x00000243   Thumb Code     0  startup_stm32f40xx.o(.text)
    TIM8_CC_IRQHandler                       0x00000243   Thumb Code     0  startup_stm32f40xx.o(.text)
    TIM8_TRG_COM_TIM14_IRQHandler            0x00000243   Thumb Code     0  startup_stm32f40xx.o(.text)
    TIM8_UP_TIM13_IRQHandler                 0x00000243   Thumb Code     0  startup_stm32f40xx.o(.text)
    UART4_IRQHandler                         0x00000243   Thumb Code     0  startup_stm32f40xx.o(.text)
    UART5_IRQHandler                         0x00000243   Thumb Code     0  startup_stm32f40xx.o(.text)
    USART1_IRQHandler                        0x00000243   Thumb Code     0  startup_stm32f40xx.o(.text)
    USART2_IRQHandler                        0x00000243   Thumb Code     0  startup_stm32f40xx.o(.text)
    USART3_IRQHandler                        0x00000243   Thumb Code     0  startup_stm32f40xx.o(.text)
    USART6_IRQHandler                        0x00000243   Thumb Code     0  startup_stm32f40xx.o(.text)
    WWDG_IRQHandler                          0x00000243   Thumb Code     0  startup_stm32f40xx.o(.text)
    __user_initial_stackheap                 0x00000245   Thumb Code     0  startup_stm32f40xx.o(.text)
    __use_two_region_memory                  0x00000269   Thumb Code     2  heapauxi.o(.text)
    __rt_heap_escrow                         0x0000026b   Thumb Code     2  heapauxi.o(.text)
    __rt_heap_expand                         0x0000026d   Thumb Code     2  heapauxi.o(.text)
    __user_setup_stackheap                   0x0000026f   Thumb Code    74  sys_stackheap_outer.o(.text)
    exit                                     0x000002b9   Thumb Code    18  exit.o(.text)
    __user_libspace                          0x000002cd   Thumb Code     8  libspace.o(.text)
    __user_perproc_libspace                  0x000002cd   Thumb Code     0  libspace.o(.text)
    __user_perthread_libspace                0x000002cd   Thumb Code     0  libspace.o(.text)
    __I$use$semihosting                      0x000002d5   Thumb Code     0  use_no_semi.o(.text)
    __use_no_semihosting_swi                 0x000002d5   Thumb Code     2  use_no_semi.o(.text)
    __semihosting_library_function           0x000002d7   Thumb Code     0  indicate_semi.o(.text)
    _sys_exit                                0x000002d9   Thumb Code     8  sys_exit.o(.text)
    SPI1_IRQHandler                          0x000002e5   Thumb Code    68  state.o(i.SPI1_IRQHandler)
    SPI_I2S_GetFlagStatus                    0x00000331   Thumb Code   134  stm32f4xx_spi.o(i.SPI_I2S_GetFlagStatus)
    SPI_I2S_ReceiveData                      0x000003d5   Thumb Code    68  stm32f4xx_spi.o(i.SPI_I2S_ReceiveData)
    SPI_I2S_SendData                         0x00000435   Thumb Code    70  stm32f4xx_spi.o(i.SPI_I2S_SendData)
    SystemInit                               0x00000585   Thumb Code    88  system_stm32f4xx.o(i.SystemInit)
    assert_param                             0x000005ed   Thumb Code     4  main.o(i.assert_param)
    cd_drive_get_serial_byte                 0x000005f1   Thumb Code    10  cdstate.o(i.cd_drive_get_serial_byte)
    cd_drive_set_serial_byte                 0x00000601   Thumb Code    68  cdstate.o(i.cd_drive_set_serial_byte)
    main                                     0x0000064d   Thumb Code    10  main.o(i.main)
    _fp_init                                 0x00000657   Thumb Code    10  fpinit.o(x$fpl$fpinit)
    __fplib_config_fpu_vfp                   0x0000065f   Thumb Code     0  fpinit.o(x$fpl$fpinit)
    __fplib_config_pureend_doubles           0x0000065f   Thumb Code     0  fpinit.o(x$fpl$fpinit)
    Region$$Table$$Base                      0x00000660   Number         0  anon$$obj.o(Region$$Table)
    Region$$Table$$Limit                     0x00000680   Number         0  anon$$obj.o(Region$$Table)
    __libspace_start                         0x20000714   Data          96  libspace.o(.bss)
    __temporary_stack_top$libspace           0x20000774   Data           0  libspace.o(.bss)



==============================================================================

Memory Map of the image

  Image Entry point : 0x00000189

  Load Region LR_IROM1 (Base: 0x00000000, Size: 0x00000688, Max: 0x00040000, ABSOLUTE)

    Execution Region ER_IROM1 (Base: 0x00000000, Size: 0x00000680, Max: 0x00040000, ABSOLUTE)

    Base Addr    Size         Type   Attr      Idx    E Section Name        Object

    0x00000000   0x00000188   Data   RO           80    RESET               startup_stm32f40xx.o
    0x00000188   0x00000008   Code   RO         6083  * !!!main             c_w.l(__main.o)
    0x00000190   0x00000034   Code   RO         6445    !!!scatter          c_w.l(__scatter.o)
    0x000001c4   0x0000001a   Code   RO         6447    !!handler_copy      c_w.l(__scatter_copy.o)
    0x000001de   0x00000002   PAD
    0x000001e0   0x0000001c   Code   RO         6449    !!handler_zi        c_w.l(__scatter_zi.o)
    0x000001fc   0x00000002   Code   RO         6238    .ARM.Collect$$libinit$$00000000  c_w.l(libinit.o)
    0x000001fe   0x00000004   Code   RO         6239    .ARM.Collect$$libinit$$00000001  c_w.l(libinit2.o)
    0x00000202   0x00000000   Code   RO         6242    .ARM.Collect$$libinit$$00000004  c_w.l(libinit2.o)
    0x00000202   0x00000000   Code   RO         6245    .ARM.Collect$$libinit$$0000000A  c_w.l(libinit2.o)
    0x00000202   0x00000000   Code   RO         6247    .ARM.Collect$$libinit$$0000000C  c_w.l(libinit2.o)
    0x00000202   0x00000000   Code   RO         6249    .ARM.Collect$$libinit$$0000000E  c_w.l(libinit2.o)
    0x00000202   0x00000000   Code   RO         6252    .ARM.Collect$$libinit$$00000011  c_w.l(libinit2.o)
    0x00000202   0x00000000   Code   RO         6254    .ARM.Collect$$libinit$$00000013  c_w.l(libinit2.o)
    0x00000202   0x00000000   Code   RO         6256    .ARM.Collect$$libinit$$00000015  c_w.l(libinit2.o)
    0x00000202   0x00000000   Code   RO         6258    .ARM.Collect$$libinit$$00000017  c_w.l(libinit2.o)
    0x00000202   0x00000000   Code   RO         6260    .ARM.Collect$$libinit$$00000019  c_w.l(libinit2.o)
    0x00000202   0x00000000   Code   RO         6262    .ARM.Collect$$libinit$$0000001B  c_w.l(libinit2.o)
    0x00000202   0x00000000   Code   RO         6264    .ARM.Collect$$libinit$$0000001D  c_w.l(libinit2.o)
    0x00000202   0x00000000   Code   RO         6266    .ARM.Collect$$libinit$$0000001F  c_w.l(libinit2.o)
    0x00000202   0x00000000   Code   RO         6268    .ARM.Collect$$libinit$$00000021  c_w.l(libinit2.o)
    0x00000202   0x00000000   Code   RO         6270    .ARM.Collect$$libinit$$00000023  c_w.l(libinit2.o)
    0x00000202   0x00000000   Code   RO         6272    .ARM.Collect$$libinit$$00000025  c_w.l(libinit2.o)
    0x00000202   0x00000000   Code   RO         6276    .ARM.Collect$$libinit$$0000002C  c_w.l(libinit2.o)
    0x00000202   0x00000000   Code   RO         6278    .ARM.Collect$$libinit$$0000002E  c_w.l(libinit2.o)
    0x00000202   0x00000000   Code   RO         6280    .ARM.Collect$$libinit$$00000030  c_w.l(libinit2.o)
    0x00000202   0x00000000   Code   RO         6282    .ARM.Collect$$libinit$$00000032  c_w.l(libinit2.o)
    0x00000202   0x00000002   Code   RO         6283    .ARM.Collect$$libinit$$00000033  c_w.l(libinit2.o)
    0x00000204   0x00000002   Code   RO         6426    .ARM.Collect$$libshutdown$$00000000  c_w.l(libshutdown.o)
    0x00000206   0x00000000   Code   RO         6285    .ARM.Collect$$libshutdown$$00000002  c_w.l(libshutdown2.o)
    0x00000206   0x00000000   Code   RO         6287    .ARM.Collect$$libshutdown$$00000004  c_w.l(libshutdown2.o)
    0x00000206   0x00000000   Code   RO         6290    .ARM.Collect$$libshutdown$$00000007  c_w.l(libshutdown2.o)
    0x00000206   0x00000000   Code   RO         6293    .ARM.Collect$$libshutdown$$0000000A  c_w.l(libshutdown2.o)
    0x00000206   0x00000000   Code   RO         6295    .ARM.Collect$$libshutdown$$0000000C  c_w.l(libshutdown2.o)
    0x00000206   0x00000000   Code   RO         6298    .ARM.Collect$$libshutdown$$0000000F  c_w.l(libshutdown2.o)
    0x00000206   0x00000002   Code   RO         6299    .ARM.Collect$$libshutdown$$00000010  c_w.l(libshutdown2.o)
    0x00000208   0x00000000   Code   RO         6085    .ARM.Collect$$rtentry$$00000000  c_w.l(__rtentry.o)
    0x00000208   0x00000000   Code   RO         6113    .ARM.Collect$$rtentry$$00000002  c_w.l(__rtentry2.o)
    0x00000208   0x00000006   Code   RO         6125    .ARM.Collect$$rtentry$$00000004  c_w.l(__rtentry4.o)
    0x0000020e   0x00000000   Code   RO         6115    .ARM.Collect$$rtentry$$00000009  c_w.l(__rtentry2.o)
    0x0000020e   0x00000004   Code   RO         6116    .ARM.Collect$$rtentry$$0000000A  c_w.l(__rtentry2.o)
    0x00000212   0x00000000   Code   RO         6118    .ARM.Collect$$rtentry$$0000000C  c_w.l(__rtentry2.o)
    0x00000212   0x00000008   Code   RO         6119    .ARM.Collect$$rtentry$$0000000D  c_w.l(__rtentry2.o)
    0x0000021a   0x00000002   Code   RO         6308    .ARM.Collect$$rtexit$$00000000  c_w.l(rtexit.o)
    0x0000021c   0x00000000   Code   RO         6364    .ARM.Collect$$rtexit$$00000002  c_w.l(rtexit2.o)
    0x0000021c   0x00000004   Code   RO         6365    .ARM.Collect$$rtexit$$00000003  c_w.l(rtexit2.o)
    0x00000220   0x00000006   Code   RO         6366    .ARM.Collect$$rtexit$$00000004  c_w.l(rtexit2.o)
    0x00000226   0x00000002   PAD
    0x00000228   0x00000040   Code   RO           81    .text               startup_stm32f40xx.o
    0x00000268   0x00000006   Code   RO         6081    .text               c_w.l(heapauxi.o)
    0x0000026e   0x0000004a   Code   RO         6152    .text               c_w.l(sys_stackheap_outer.o)
    0x000002b8   0x00000012   Code   RO         6223    .text               c_w.l(exit.o)
    0x000002ca   0x00000002   PAD
    0x000002cc   0x00000008   Code   RO         6302    .text               c_w.l(libspace.o)
    0x000002d4   0x00000002   Code   RO         6305    .text               c_w.l(use_no_semi.o)
    0x000002d6   0x00000000   Code   RO         6307    .text               c_w.l(indicate_semi.o)
    0x000002d6   0x00000002   PAD
    0x000002d8   0x0000000c   Code   RO         6361    .text               c_w.l(sys_exit.o)
    0x000002e4   0x0000004c   Code   RO          154    i.SPI1_IRQHandler   state.o
    0x00000330   0x000000a4   Code   RO         4263    i.SPI_I2S_GetFlagStatus  stm32f4xx_spi.o
    0x000003d4   0x00000060   Code   RO         4266    i.SPI_I2S_ReceiveData  stm32f4xx_spi.o
    0x00000434   0x00000064   Code   RO         4267    i.SPI_I2S_SendData  stm32f4xx_spi.o
    0x00000498   0x000000ec   Code   RO          198    i.SetSysClock       system_stm32f4xx.o
    0x00000584   0x00000068   Code   RO          200    i.SystemInit        system_stm32f4xx.o
    0x000005ec   0x00000004   Code   RO            4    i.assert_param      main.o
    0x000005f0   0x00000010   Code   RO         5403    i.cd_drive_get_serial_byte  cdstate.o
    0x00000600   0x0000004c   Code   RO         5405    i.cd_drive_set_serial_byte  cdstate.o
    0x0000064c   0x0000000a   Code   RO            6    i.main              main.o
    0x00000656   0x0000000a   Code   RO         6359    x$fpl$fpinit        fz_wm.l(fpinit.o)
    0x00000660   0x00000020   Data   RO         6443    Region$$Table       anon$$obj.o


    Execution Region RW_IRAM1 (Base: 0x20000000, Size: 0x00000d78, Max: 0x00020000, ABSOLUTE)

    Base Addr    Size         Type   Attr      Idx    E Section Name        Object

    0x20000000   0x00000002   Data   RW          157    .data               state.o
    0x20000002   0x00000003   Data   RW         5433    .data               cdstate.o
    0x20000005   0x00000003   PAD
    0x20000008   0x00000709   Zero   RW         5432    .bss                cdstate.o
    0x20000711   0x00000003   PAD
    0x20000714   0x00000060   Zero   RW         6303    .bss                c_w.l(libspace.o)
    0x20000774   0x00000004   PAD
    0x20000778   0x00000200   Zero   RW           79    HEAP                startup_stm32f40xx.o
    0x20000978   0x00000400   Zero   RW           78    STACK               startup_stm32f40xx.o


==============================================================================

Image component sizes


      Code (inc. data)   RO Data    RW Data    ZI Data      Debug   Object Name

        92         14          0          3       1801       2423   cdstate.o
        14          0          0          0          0     245402   main.o
        64         26        392          0       1536        988   startup_stm32f40xx.o
        76          8          0          2          0       8962   state.o
       360         88          0          0          0       3073   stm32f4xx_spi.o
       340         32          0          0          0       2025   system_stm32f4xx.o

    ----------------------------------------------------------------------
       946        168        424          8       3340     262873   Object Totals
         0          0         32          0          0          0   (incl. Generated)
         0          0          0          3          3          0   (incl. Padding)

    ----------------------------------------------------------------------

      Code (inc. data)   RO Data    RW Data    ZI Data      Debug   Library Member Name

         8          0          0          0          0         68   __main.o
         0          0          0          0          0          0   __rtentry.o
        12          0          0          0          0          0   __rtentry2.o
         6          0          0          0          0          0   __rtentry4.o
        52          8          0          0          0          0   __scatter.o
        26          0          0          0          0          0   __scatter_copy.o
        28          0          0          0          0          0   __scatter_zi.o
        18          0          0          0          0         80   exit.o
         6          0          0          0          0        152   heapauxi.o
         0          0          0          0          0          0   indicate_semi.o
         2          0          0          0          0          0   libinit.o
         6          0          0          0          0          0   libinit2.o
         2          0          0          0          0          0   libshutdown.o
         2          0          0          0          0          0   libshutdown2.o
         8          4          0          0         96         68   libspace.o
         2          0          0          0          0          0   rtexit.o
        10          0          0          0          0          0   rtexit2.o
        12          4          0          0          0         68   sys_exit.o
        74          0          0          0          0         80   sys_stackheap_outer.o
         2          0          0          0          0         68   use_no_semi.o
        10          0          0          0          0        116   fpinit.o

    ----------------------------------------------------------------------
       294         16          0          0        100        700   Library Totals
         8          0          0          0          4          0   (incl. Padding)

    ----------------------------------------------------------------------

      Code (inc. data)   RO Data    RW Data    ZI Data      Debug   Library Name

       276         16          0          0         96        584   c_w.l
        10          0          0          0          0        116   fz_wm.l

    ----------------------------------------------------------------------
       294         16          0          0        100        700   Library Totals

    ----------------------------------------------------------------------

==============================================================================


      Code (inc. data)   RO Data    RW Data    ZI Data      Debug   

      1240        184        424          8       3440     262817   Grand Totals
      1240        184        424          8       3440     262817   ELF Image Totals
      1240        184        424          8          0          0   ROM Totals

==============================================================================

    Total RO  Size (Code + RO Data)                 1664 (   1.63kB)
    Total RW  Size (RW Data + ZI Data)              3448 (   3.37kB)
    Total ROM Size (Code + RO Data + RW Data)       1672 (   1.63kB)

==============================================================================

